 hello

 Timestamp is 56c6e9f5 (Fri Feb 19 17:09:57 2016)

 Preferred load address is 0000000180000000

 Start         Length     Name                   Class
 0001:00000000 00000013H .text$di                CODE
 0001:00000020 0000bd33H .text$mn                CODE
 0001:0000bd60 00000277H .text$x                 CODE
 0001:0000bfe0 00000000H .text$yd                CODE
 0002:00000000 00000288H .idata$5                DATA
 0002:00000288 00000008H .CRT$XCA                DATA
 0002:00000290 00000018H .CRT$XCU                DATA
 0002:000002a8 00000008H .CRT$XCZ                DATA
 0002:000002b0 00000008H .CRT$XIA                DATA
 0002:000002b8 00000020H .CRT$XIC                DATA
 0002:000002d8 00000008H .CRT$XIZ                DATA
 0002:000002e0 00000008H .CRT$XPA                DATA
 0002:000002e8 00000010H .CRT$XPX                DATA
 0002:000002f8 00000008H .CRT$XPXA               DATA
 0002:00000300 00000008H .CRT$XPZ                DATA
 0002:00000308 00000008H .CRT$XTA                DATA
 0002:00000310 00000008H .CRT$XTZ                DATA
 0002:00000320 000070a0H .rdata                  DATA
 0002:000073c0 00000058H .rdata$debug            DATA
 0002:00007418 000002fcH .rdata$r                DATA
 0002:00007718 00000008H .rtc$IAA                DATA
 0002:00007720 00000008H .rtc$IZZ                DATA
 0002:00007728 00000008H .rtc$TAA                DATA
 0002:00007730 00000008H .rtc$TZZ                DATA
 0002:00007738 000008fcH .xdata                  DATA
 0002:00008038 0000017cH .xdata$x                DATA
 0002:000081b4 00000020H .didat$2                DATA
 0002:000081d4 00000020H .didat$3                DATA
 0002:000081f8 00000078H .didat$4                DATA
 0002:00008270 0000033eH .didat$6                DATA
 0002:000085b0 00000078H .didat$7                DATA
 0002:00008630 0000004eH .edata                  DATA
 0002:00008680 00000028H .idata$2                DATA
 0002:000086a8 00000014H .idata$3                DATA
 0002:000086c0 00000288H .idata$4                DATA
 0002:00008948 000005ecH .idata$6                DATA
 0003:00000000 00001808H .data                   DATA
 0003:00001808 000000e8H .data$r                 DATA
 0003:000018f0 00000078H .didat$5                DATA
 0003:00001980 00002498H .bss                    DATA
 0004:00000000 00000a68H .pdata                  DATA
 0005:00000000 00000058H .rsrc$01                DATA
 0005:00000060 00000180H .rsrc$02                DATA

  Address         Publics by Value              Rva+Base               Lib:Object

 0000:00000000       __guard_fids_count         0000000000000000     <absolute>
 0000:00000000       ___safe_se_handler_count   0000000000000000     <absolute>
 0000:00000000       __guard_flags              0000000000000000     <absolute>
 0000:00000000       __guard_fids_table         0000000000000000     <absolute>
 0000:00000000       ___safe_se_handler_table   0000000000000000     <absolute>
 0000:00000000       __ImageBase                0000000180000000     <linker-defined>
 0001:00000020       ?Method@demo@@YAXAEBV?$FunctionCallbackInfo@VValue@v8@@@v8@@@Z 0000000180001020 f   hello.obj
 0001:00000280       ?init@demo@@YAXV?$Local@VObject@v8@@@v8@@@Z 0000000180001280 f   hello.obj
 0001:000002b0       ?assign@?$basic_string@DU?$char_traits@D@std@@V?$allocator@D@2@@std@@QEAAAEAV12@AEBV12@_K1@Z 00000001800012b0 f i hello.obj
 0001:000003e0       ?assign@?$basic_string@DU?$char_traits@D@std@@V?$allocator@D@2@@std@@QEAAAEAV12@PEBD_K@Z 00000001800013e0 f i hello.obj
 0001:00000520       ?erase@?$basic_string@DU?$char_traits@D@std@@V?$allocator@D@2@@std@@QEAAAEAV12@_K0@Z 0000000180001520 f i hello.obj
 0001:000005f0       ?_Copy@?$basic_string@DU?$char_traits@D@std@@V?$allocator@D@2@@std@@QEAAX_K0@Z 00000001800015f0 f i hello.obj
 0001:000006e0       ??$NODE_SET_METHOD@V?$Local@VObject@v8@@@v8@@@node@@YAXAEBV?$Local@VObject@v8@@@v8@@PEBDP6AXAEBV?$FunctionCallbackInfo@VValue@v8@@@2@@Z@Z 00000001800016e0 f i hello.obj
 0001:000007ec       __imp_load_node_module_register 00000001800017ec f   node:node.exe
 0001:000007f8       __tailMerge_node_exe       00000001800017f8 f i node:node.exe
 0001:00000871       __imp_load_?NumberValue@Value@v8@@QEBANXZ 0000000180001871 f   node:node.exe
 0001:0000087d       __imp_load_?GetFunction@FunctionTemplate@v8@@QEAA?AV?$Local@VFunction@v8@@@2@XZ 000000018000187d f   node:node.exe
 0001:00000889       __imp_load_?New@FunctionTemplate@v8@@SA?AV?$Local@VFunctionTemplate@v8@@@2@PEAVIsolate@2@P6AXAEBV?$FunctionCallbackInfo@VValue@v8@@@2@@ZV?$Local@VValue@v8@@@2@V?$Local@VSignature@v8@@@2@H@Z 0000000180001889 f   node:node.exe
 0001:00000895       __imp_load_??1Utf8Value@String@v8@@QEAA@XZ 0000000180001895 f   node:node.exe
 0001:000008a1       __imp_load_??0Utf8Value@String@v8@@QEAA@V?$Local@VValue@v8@@@2@@Z 00000001800018a1 f   node:node.exe
 0001:000008ad       __imp_load_?NewFromUtf8@String@v8@@SA?AV?$Local@VString@v8@@@2@PEAVIsolate@2@PEBDW4NewStringType@12@H@Z 00000001800018ad f   node:node.exe
 0001:000008b9       __imp_load_??1HandleScope@v8@@QEAA@XZ 00000001800018b9 f   node:node.exe
 0001:000008c5       __imp_load_??0HandleScope@v8@@QEAA@PEAVIsolate@1@@Z 00000001800018c5 f   node:node.exe
 0001:000008d1       __imp_load_?Get@Object@v8@@QEAA?AV?$Local@VValue@v8@@@2@V32@@Z 00000001800018d1 f   node:node.exe
 0001:000008dd       __imp_load_?Set@Object@v8@@QEAA_NV?$Local@VValue@v8@@@2@0@Z 00000001800018dd f   node:node.exe
 0001:000008e9       __imp_load_?SetName@Function@v8@@QEAAXV?$Local@VString@v8@@@2@@Z 00000001800018e9 f   node:node.exe
 0001:000008f5       __imp_load_?GetCurrent@Isolate@v8@@SAPEAV12@XZ 00000001800018f5 f   node:node.exe
 0001:00000901       __imp_load_?ToString@Value@v8@@QEBA?AV?$Local@VString@v8@@@2@XZ 0000000180001901 f   node:node.exe
 0001:00000910       ??0bad_alloc@std@@QEAA@AEBV01@@Z 0000000180001910 f i libcpmt:xthrow.obj
 0001:00000934       ??0length_error@std@@QEAA@AEBV01@@Z 0000000180001934 f i libcpmt:xthrow.obj
 0001:00000958       ??0logic_error@std@@QEAA@AEBV01@@Z 0000000180001958 f i libcpmt:xthrow.obj
 0001:0000097c       ??0out_of_range@std@@QEAA@AEBV01@@Z 000000018000197c f i libcpmt:xthrow.obj
 0001:000009a0       ??1bad_alloc@std@@UEAA@XZ  00000001800019a0 f i libcpmt:xthrow.obj
 0001:000009b0       ??1length_error@std@@UEAA@XZ 00000001800019b0 f i libcpmt:xthrow.obj
 0001:000009b0       ??1out_of_range@std@@UEAA@XZ 00000001800019b0 f i libcpmt:xthrow.obj
 0001:000009b8       ??_Gbad_alloc@std@@UEAAPEAXI@Z 00000001800019b8 f i libcpmt:xthrow.obj
 0001:000009b8       ??_Ebad_alloc@std@@UEAAPEAXI@Z 00000001800019b8 f i libcpmt:xthrow.obj
 0001:000009f4       ??_Elogic_error@std@@UEAAPEAXI@Z 00000001800019f4 f i libcpmt:xthrow.obj
 0001:000009f4       ??_Gout_of_range@std@@UEAAPEAXI@Z 00000001800019f4 f i libcpmt:xthrow.obj
 0001:000009f4       ??_Glength_error@std@@UEAAPEAXI@Z 00000001800019f4 f i libcpmt:xthrow.obj
 0001:000009f4       ??_Elength_error@std@@UEAAPEAXI@Z 00000001800019f4 f i libcpmt:xthrow.obj
 0001:000009f4       ??_Glogic_error@std@@UEAAPEAXI@Z 00000001800019f4 f i libcpmt:xthrow.obj
 0001:000009f4       ??_Eout_of_range@std@@UEAAPEAXI@Z 00000001800019f4 f i libcpmt:xthrow.obj
 0001:00000a24       ?_Xbad_alloc@std@@YAXXZ    0000000180001a24 f   libcpmt:xthrow.obj
 0001:00000a68       ?_Xlength_error@std@@YAXPEBD@Z 0000000180001a68 f   libcpmt:xthrow.obj
 0001:00000aa0       ?_Xout_of_range@std@@YAXPEBD@Z 0000000180001aa0 f   libcpmt:xthrow.obj
 0001:00000af0       __security_check_cookie    0000000180001af0 f   LIBCMT:amdsecgs.obj
 0001:00000b20       memcpy                     0000000180001b20 f   LIBCMT:memcpy.obj
 0001:00000b20       memmove                    0000000180001b20 f   LIBCMT:memcpy.obj
 0001:00001088       __onexitinit               0000000180002088 f   LIBCMT:onexit.obj
 0001:000010cc       _onexit                    00000001800020cc f   LIBCMT:onexit.obj
 0001:000011d8       atexit                     00000001800021d8 f   LIBCMT:onexit.obj
 0001:000011f0       ??3@YAXPEAX@Z              00000001800021f0 f   LIBCMT:delete.obj
 0001:000011f8       ??2@YAPEAX_K@Z             00000001800021f8 f   LIBCMT:new.obj
 0001:00001264       ??0_LocaleUpdate@@QEAA@PEAUlocaleinfo_struct@@@Z 0000000180002264 f i LIBCMT:stricmp.obj
 0001:0000130c       __ascii_stricmp            000000018000230c f   LIBCMT:stricmp.obj
 0001:00001348       _stricmp                   0000000180002348 f   LIBCMT:stricmp.obj
 0001:00001390       _stricmp_l                 0000000180002390 f   LIBCMT:stricmp.obj
 0001:00001444       _CRT_INIT                  0000000180002444 f   LIBCMT:dllcrt0.obj
 0001:000015a4       _DllMainCRTStartup         00000001800025a4 f   LIBCMT:dllcrt0.obj
 0001:00001720       strlen                     0000000180002720 f   LIBCMT:strlen.obj
 0001:000017c8       _CxxThrowException         00000001800027c8 f   LIBCMT:throw.obj
 0001:00001890       ??_Gtype_info@@UEAAPEAXI@Z 0000000180002890 f i LIBCMT:typinfo.obj
 0001:00001890       ??_Etype_info@@UEAAPEAXI@Z 0000000180002890 f i LIBCMT:typinfo.obj
 0001:000018cc       _fpmath                    00000001800028cc f   LIBCMT:fpinit.obj
 0001:000018d4       _cfltcvt_init              00000001800028d4 f   LIBCMT:fpinit.obj
 0001:0000195c       ??0exception@std@@QEAA@AEBQEBD@Z 000000018000295c f   LIBCMT:stdexcpt.obj
 0001:0000198c       ??0exception@std@@QEAA@AEBQEBDH@Z 000000018000298c f   LIBCMT:stdexcpt.obj
 0001:000019a8       ??0exception@std@@QEAA@AEBV01@@Z 00000001800029a8 f   LIBCMT:stdexcpt.obj
 0001:000019d4       ??1exception@std@@UEAA@XZ  00000001800029d4 f   LIBCMT:stdexcpt.obj
 0001:000019e4       ??4exception@std@@QEAAAEAV01@AEBV01@@Z 00000001800029e4 f   LIBCMT:stdexcpt.obj
 0001:00001a28       ??_Eexception@std@@UEAAPEAXI@Z 0000000180002a28 f i LIBCMT:stdexcpt.obj
 0001:00001a28       ??_Gexception@std@@UEAAPEAXI@Z 0000000180002a28 f i LIBCMT:stdexcpt.obj
 0001:00001a64       ?_Copy_str@exception@std@@AEAAXPEBD@Z 0000000180002a64 f   LIBCMT:stdexcpt.obj
 0001:00001ac0       ?_Tidy@exception@std@@AEAAXXZ 0000000180002ac0 f   LIBCMT:stdexcpt.obj
 0001:00001ae8       ?what@exception@std@@UEBAPEBDXZ 0000000180002ae8 f   LIBCMT:stdexcpt.obj
 0001:00001afc       __raise_securityfailure    0000000180002afc f   LIBCMT:gs_report.obj
 0001:00001b48       __report_gsfailure         0000000180002b48 f   LIBCMT:gs_report.obj
 0001:00001c1c       __isa_available_init       0000000180002c1c f   LIBCMT:cpu_disp.obj
 0001:00001dc0       __crtCorExitProcess        0000000180002dc0 f   LIBCMT:crt0dat.obj
 0001:00001e04       __crtExitProcess           0000000180002e04 f   LIBCMT:crt0dat.obj
 0001:00001e1c       __freeCrtMemory            0000000180002e1c f   LIBCMT:crt0dat.obj
 0001:00001f64       _amsg_exit                 0000000180002f64 f   LIBCMT:crt0dat.obj
 0001:00001f8c       _cexit                     0000000180002f8c f   LIBCMT:crt0dat.obj
 0001:00001f9c       _cinit                     0000000180002f9c f   LIBCMT:crt0dat.obj
 0001:00002034       _exit                      0000000180003034 f   LIBCMT:crt0dat.obj
 0001:00002040       _init_pointers             0000000180003040 f   LIBCMT:crt0dat.obj
 0001:000020ec       _initterm_e                00000001800030ec f   LIBCMT:crt0dat.obj
 0001:00002128       _lockexit                  0000000180003128 f   LIBCMT:crt0dat.obj
 0001:00002134       _unlockexit                0000000180003134 f   LIBCMT:crt0dat.obj
 0001:000022d8       _msize                     00000001800032d8 f   LIBCMT:msize.obj
 0001:00002314       _calloc_crt                0000000180003314 f   LIBCMT:crtheap.obj
 0001:00002394       _malloc_crt                0000000180003394 f   LIBCMT:crtheap.obj
 0001:00002410       _realloc_crt               0000000180003410 f   LIBCMT:crtheap.obj
 0001:00002494       __C_specific_handler       0000000180003494 f   LIBCMT:chandler.obj
 0001:00002678       abort                      0000000180003678 f   LIBCMT:abort.obj
 0001:000026d0       _initp_misc_purevirt       00000001800036d0 f   LIBCMT:inithelp.obj
 0001:000026d8       free                       00000001800036d8 f   LIBCMT:free.obj
 0001:00002718       malloc                     0000000180003718 f   LIBCMT:malloc.obj
 0001:000027d0       _callnewh                  00000001800037d0 f   LIBCMT:handler.obj
 0001:00002804       _initp_heap_handler        0000000180003804 f   LIBCMT:handler.obj
 0001:0000280c       _call_reportfault          000000018000380c f   LIBCMT:invarg.obj
 0001:00002900       _initp_misc_invarg         0000000180003900 f   LIBCMT:invarg.obj
 0001:00002908       _invalid_parameter         0000000180003908 f   LIBCMT:invarg.obj
 0001:00002970       _invalid_parameter_noinfo  0000000180003970 f   LIBCMT:invarg.obj
 0001:00002990       _invoke_watson             0000000180003990 f   LIBCMT:invarg.obj
 0001:000029cc       __addlocaleref             00000001800039cc f   LIBCMT:localref.obj
 0001:00002a58       __freetlocinfo             0000000180003a58 f   LIBCMT:localref.obj
 0001:00002bf0       __removelocaleref          0000000180003bf0 f   LIBCMT:localref.obj
 0001:00002c94       __updatetlocinfo           0000000180003c94 f   LIBCMT:localref.obj
 0001:00002d0c       _updatetlocinfoEx_nolock   0000000180003d0c f   LIBCMT:localref.obj
 0001:00002d70       __initmbctable             0000000180003d70 f   LIBCMT:mbctype.obj
 0001:0000308c       __updatetmbcinfo           000000018000408c f   LIBCMT:mbctype.obj
 0001:00003148       _setmbcp                   0000000180004148 f   LIBCMT:mbctype.obj
 0001:0000338c       _setmbcp_nolock            000000018000438c f   LIBCMT:mbctype.obj
 0001:0000363c       _tolower_l                 000000018000463c f   LIBCMT:tolower.obj
 0001:00003790       tolower                    0000000180004790 f   LIBCMT:tolower.obj
 0001:000037b0       _freefls                   00000001800047b0 f   LIBCMT:tidtable.obj
 0001:000038e4       _freeptd                   00000001800048e4 f   LIBCMT:tidtable.obj
 0001:00003920       _getptd                    0000000180004920 f   LIBCMT:tidtable.obj
 0001:00003944       _getptd_noexit             0000000180004944 f   LIBCMT:tidtable.obj
 0001:000039c8       _initptd                   00000001800049c8 f   LIBCMT:tidtable.obj
 0001:00003a8c       _mtinit                    0000000180004a8c f   LIBCMT:tidtable.obj
 0001:00003b0c       _mtterm                    0000000180004b0c f   LIBCMT:tidtable.obj
 0001:00003b30       __doserrno                 0000000180004b30 f   LIBCMT:dosmap.obj
 0001:00003b50       _dosmaperr                 0000000180004b50 f   LIBCMT:dosmap.obj
 0001:00003ba0       _errno                     0000000180004ba0 f   LIBCMT:dosmap.obj
 0001:00003bc0       _get_errno_from_oserr      0000000180004bc0 f   LIBCMT:dosmap.obj
 0001:00003c10       _locterm                   0000000180004c10 f   LIBCMT:wsetloca.obj
 0001:00003c58       _XcptFilter                0000000180004c58 f   LIBCMT:winxfltr.obj
 0001:00003e24       __CppXcptFilter            0000000180004e24 f   LIBCMT:winxfltr.obj
 0001:00003e38       _heap_init                 0000000180004e38 f   LIBCMT:heapinit.obj
 0001:00003e58       _heap_term                 0000000180004e58 f   LIBCMT:heapinit.obj
 0001:00003e64       _ioinit                    0000000180004e64 f   LIBCMT:ioinit.obj
 0001:00004194       _ioterm                    0000000180005194 f   LIBCMT:ioinit.obj
 0001:00004208       _setargv                   0000000180005208 f   LIBCMT:stdargv.obj
 0001:000044c4       _setenvp                   00000001800054c4 f   LIBCMT:stdenvp.obj
 0001:000045f8       __security_init_cookie     00000001800055f8 f   LIBCMT:gs_support.obj
 0001:000046a4       DllMain                    00000001800056a4 f   LIBCMT:dllmain.obj
 0001:000046ac       __crtGetEnvironmentStringsA 00000001800056ac f   LIBCMT:a_env.obj
 0001:000047a0       __crtCaptureCurrentContext 00000001800057a0 f   LIBCMT:winapisupp.obj
 0001:00004810       __crtCapturePreviousContext 0000000180005810 f   LIBCMT:winapisupp.obj
 0001:00004884       __crtFlsAlloc              0000000180005884 f   LIBCMT:winapisupp.obj
 0001:000048a0       __crtFlsFree               00000001800058a0 f   LIBCMT:winapisupp.obj
 0001:000048bc       __crtFlsGetValue           00000001800058bc f   LIBCMT:winapisupp.obj
 0001:000048d8       __crtFlsSetValue           00000001800058d8 f   LIBCMT:winapisupp.obj
 0001:000048f4       __crtInitializeCriticalSectionEx 00000001800058f4 f   LIBCMT:winapisupp.obj
 0001:00004920       __crtIsPackagedApp         0000000180005920 f   LIBCMT:winapisupp.obj
 0001:0000496c       __crtLoadWinApiPointers    000000018000596c f   LIBCMT:winapisupp.obj
 0001:00004d68       __crtSleep                 0000000180005d68 f   LIBCMT:winapisupp.obj
 0001:00004d70       __crtTerminateProcess      0000000180005d70 f   LIBCMT:winapisupp.obj
 0001:00004d90       __crtUnhandledException    0000000180005d90 f   LIBCMT:winapisupp.obj
 0001:00004db0       _RTC_Initialize            0000000180005db0 f   LIBCMT:initsect.obj
 0001:00004de8       _RTC_Terminate             0000000180005de8 f   LIBCMT:initsect.obj
 0001:00004e20       __DestructExceptionObject  0000000180005e20 f   LIBCMT:frame.obj
 0001:00004e90       ?terminate@@YAXXZ          0000000180005e90 f   LIBCMT:hooks.obj
 0001:00004eb0       _initp_eh_hooks            0000000180005eb0 f   LIBCMT:hooks.obj
 0001:00004ed0       __GSHandlerCheck           0000000180005ed0 f   LIBCMT:gshandler.obj
 0001:00004ef0       __GSHandlerCheckCommon     0000000180005ef0 f   LIBCMT:gshandler.obj
 0001:00004f70       strcmp                     0000000180005f70 f   LIBCMT:strcmp.obj
 0001:00004fd8       ?_Type_info_dtor@type_info@@CAXPEAV1@@Z 0000000180005fd8 f   LIBCMT:typname.obj
 0001:00005044       _cfltcvt                   0000000180006044 f   LIBCMT:cvt.obj
 0001:00005068       _cfltcvt_l                 0000000180006068 f   LIBCMT:cvt.obj
 0001:000050e8       _cftoa_l                   00000001800060e8 f   LIBCMT:cvt.obj
 0001:00005694       _cftoe_l                   0000000180006694 f   LIBCMT:cvt.obj
 0001:000058f0       _cftof_l                   00000001800068f0 f   LIBCMT:cvt.obj
 0001:000059c4       _cftog_l                   00000001800069c4 f   LIBCMT:cvt.obj
 0001:00005af8       _cropzeros                 0000000180006af8 f   LIBCMT:cvt.obj
 0001:00005b00       _cropzeros_l               0000000180006b00 f   LIBCMT:cvt.obj
 0001:00005b98       _fassign                   0000000180006b98 f   LIBCMT:cvt.obj
 0001:00005ba0       _fassign_l                 0000000180006ba0 f   LIBCMT:cvt.obj
 0001:00005be0       _forcdecpt                 0000000180006be0 f   LIBCMT:cvt.obj
 0001:00005be8       _forcdecpt_l               0000000180006be8 f   LIBCMT:cvt.obj
 0001:00005c68       _positive                  0000000180006c68 f   LIBCMT:cvt.obj
 0001:00005c7c       _initp_misc_cfltcvt_tab    0000000180006c7c f   LIBCMT:cmiscdat.obj
 0001:00005cb8       strcpy_s                   0000000180006cb8 f   LIBCMT:strcpy_s.obj
 0001:00005d1c       __crt_debugger_hook        0000000180006d1c f   LIBCMT:dbghook.obj
 0001:00005d24       _lock                      0000000180006d24 f   LIBCMT:mlock.obj
 0001:00005d68       _mtdeletelocks             0000000180006d68 f   LIBCMT:mlock.obj
 0001:00005df0       _mtinitlocknum             0000000180006df0 f   LIBCMT:mlock.obj
 0001:00005eb0       _mtinitlocks               0000000180006eb0 f   LIBCMT:mlock.obj
 0001:00005f14       _unlock                    0000000180006f14 f   LIBCMT:mlock.obj
 0001:00005f2c       _FF_MSGBANNER              0000000180006f2c f   LIBCMT:crt0msg.obj
 0001:00005f70       _GET_RTERRMSG              0000000180006f70 f   LIBCMT:crt0msg.obj
 0001:00005fa0       _NMSG_WRITE                0000000180006fa0 f   LIBCMT:crt0msg.obj
 0001:00006210       _FindPESection             0000000180007210 f   LIBCMT:pesect.obj
 0001:00006260       _IsNonwritableInCurrentImage 0000000180007260 f   LIBCMT:pesect.obj
 0001:000062b0       _ValidateImageBase         00000001800072b0 f   LIBCMT:pesect.obj
 0001:000062e0       __get_sigabrt              00000001800072e0 f   LIBCMT:winsig.obj
 0001:000062f0       _initp_misc_winsig         00000001800072f0 f   LIBCMT:winsig.obj
 0001:00006310       raise                      0000000180007310 f   LIBCMT:winsig.obj
 0001:00006544       _initp_misc_rand_s         0000000180007544 f   LIBCMT:rand_s.obj
 0001:0000654c       realloc                    000000018000754c f   LIBCMT:realloc.obj
 0001:00006620       _calloc_impl               0000000180007620 f   LIBCMT:calloc_impl.obj
 0001:000066d0       _local_unwind              00000001800076d0 f   LIBCMT:jmpuwind.obj
 0001:00006700       _NLG_Notify                0000000180007700 f   LIBCMT:jmpuwind.obj
 0001:00006720       __NLG_Dispatch2            0000000180007720 f   LIBCMT:jmpuwind.obj
 0001:00006730       __NLG_Return2              0000000180007730 f   LIBCMT:jmpuwind.obj
 0001:00006734       GetTableIndexFromLocaleName 0000000180007734 f   LIBCMT:winapinls.obj
 0001:000067c0       __crtDownlevelLocaleNameToLCID 00000001800077c0 f   LIBCMT:winapinls.obj
 0001:000067f4       __crtLCMapStringEx         00000001800077f4 f   LIBCMT:winapinls.obj
 0001:00006884       __wcsnicmp_ascii           0000000180007884 f   LIBCMT:winapinls.obj
 0001:000068f0       _get_fpsr                  00000001800078f0 f   LIBCMT:fpsr.obj
 0001:00006900       _set_fpsr                  0000000180007900 f   LIBCMT:fpsr.obj
 0001:0000690a       _fclrf                     000000018000790a f   LIBCMT:fpsr.obj
 0001:0000691e       _frnd                      000000018000791e f   LIBCMT:fpsr.obj
 0001:00006950       memset                     0000000180007950 f   LIBCMT:memset.obj
 0001:00006b7c       __free_lconv_mon           0000000180007b7c f   LIBCMT:initmon.obj
 0001:00006c88       __free_lconv_num           0000000180007c88 f   LIBCMT:initnum.obj
 0001:00006cf4       __free_lc_time             0000000180007cf4 f   LIBCMT:inittime.obj
 0001:000073dc       __crtLCMapStringA          00000001800083dc f   LIBCMT:a_map.obj
 0001:000075ec       __crtGetStringTypeA        00000001800085ec f   LIBCMT:a_str.obj
 0001:00007668       _isctype_l                 0000000180008668 f   LIBCMT:isctype.obj
 0001:00007744       _isleadbyte_l              0000000180008744 f i LIBCMT:_wctype.obj
 0001:00007788       isleadbyte                 0000000180008788 f i LIBCMT:_wctype.obj
 0001:000077e0       memcmp                     00000001800087e0 f   LIBCMT:memcmp.obj
 0001:000078a8       wcscat_s                   00000001800088a8 f   LIBCMT:wcscat_s.obj
 0001:00007930       wcscpy_s                   0000000180008930 f   LIBCMT:wcscpy_s.obj
 0001:0000799c       wcslen                     000000018000899c f   LIBCMT:wcslen.obj
 0001:000079b8       wcsncpy_s                  00000001800089b8 f   LIBCMT:wcsncpy_s.obj
 0001:00007a84       __initstdio                0000000180008a84 f   LIBCMT:_file.obj
 0001:00007b1c       __endstdio                 0000000180008b1c f   LIBCMT:_file.obj
 0001:00007b4c       _lock_file                 0000000180008b4c f   LIBCMT:_file.obj
 0001:00007bb4       _lock_file2                0000000180008bb4 f   LIBCMT:_file.obj
 0001:00007be8       _unlock_file               0000000180008be8 f   LIBCMT:_file.obj
 0001:00007c38       _unlock_file2              0000000180008c38 f   LIBCMT:_file.obj
 0001:00007cd4       _ismbblead                 0000000180008cd4 f   LIBCMT:ismbbyte.obj
 0001:00007d00       _CallSettingFrame          0000000180008d00 f   LIBCMT:handlers.obj
 0001:00007d40       _GetNextInstrOffset        0000000180008d40 f   LIBCMT:handlers.obj
 0001:00007d48       isdigit                    0000000180008d48 f i LIBCMT:_ctype.obj
 0001:00007dc4       strrchr                    0000000180008dc4 f   LIBCMT:strrchr.obj
 0001:00007f08       _fptostr                   0000000180008f08 f   LIBCMT:_fptostr.obj
 0001:00007fd4       __crt_atoflt_l             0000000180008fd4 f   LIBCMT:atodbl.obj
 0001:000080a4       _atodbl_l                  00000001800090a4 f   LIBCMT:atodbl.obj
 0001:0000816c       _atoflt_l                  000000018000916c f   LIBCMT:atodbl.obj
 0001:00008174       __dtold                    0000000180009174 f   LIBCMT:cfout.obj
 0001:00008244       _fltout2                   0000000180009244 f   LIBCMT:cfout.obj
 0001:000082fc       _fptrap                    00000001800092fc f   LIBCMT:crt0fp.obj
 0001:00008308       _set_error_mode            0000000180009308 f   LIBCMT:errmode.obj
 0001:00008348       __crtMessageBoxW           0000000180009348 f   LIBCMT:crtmboxw.obj
 0001:000085bc       _fileno                    00000001800095bc f   LIBCMT:fileno.obj
 0001:000085e4       _isatty                    00000001800095e4 f   LIBCMT:isatty.obj
 0001:00008644       _fflush_nolock             0000000180009644 f   LIBCMT:fflush.obj
 0001:00008690       _flush                     0000000180009690 f   LIBCMT:fflush.obj
 0001:0000870c       _flushall                  000000018000970c f   LIBCMT:fflush.obj
 0001:00008810       __chkstk                   0000000180009810 f   LIBCMT:chkstk.obj
 0001:00008810       _alloca_probe              0000000180009810 f   LIBCMT:chkstk.obj
 0001:00008860       _fcloseall                 0000000180009860 f   LIBCMT:closeall.obj
 0001:00008908       _ld12tod                   0000000180009908 f   LIBCMT:intrncvt.obj
 0001:00008ec0       _ld12tof                   0000000180009ec0 f   LIBCMT:intrncvt.obj
 0001:00009478       __strgtold12_l             000000018000a478 f   LIBCMT:strgtold.obj
 0001:00009cdc       $I10_OUTPUT                000000018000acdc f   LIBCMT:x10fout.obj
 0001:0000a7b4       _commit                    000000018000b7b4 f   LIBCMT:commit.obj
 0001:0000a88c       _write                     000000018000b88c f   LIBCMT:write.obj
 0001:0000a970       _write_nolock              000000018000b970 f   LIBCMT:write.obj
 0001:0000b164       _fclose_nolock             000000018000c164 f   LIBCMT:fclose.obj
 0001:0000b1e0       fclose                     000000018000c1e0 f   LIBCMT:fclose.obj
 0001:0000b248       __mtold12                  000000018000c248 f   LIBCMT:mantold.obj
 0001:0000b46c       __lock_fhandle             000000018000c46c f   LIBCMT:osfinfo.obj
 0001:0000b504       _free_osfhnd               000000018000c504 f   LIBCMT:osfinfo.obj
 0001:0000b5b0       _get_osfhandle             000000018000c5b0 f   LIBCMT:osfinfo.obj
 0001:0000b624       _unlock_fhandle            000000018000c624 f   LIBCMT:osfinfo.obj
 0001:0000b650       _lseeki64_nolock           000000018000c650 f   LIBCMT:lseeki64.obj
 0001:0000b6e4       _mbtowc_l                  000000018000c6e4 f   LIBCMT:mbtowc.obj
 0001:0000b838       mbtowc                     000000018000c838 f   LIBCMT:mbtowc.obj
 0001:0000b840       _putwch_nolock             000000018000c840 f   LIBCMT:putwch.obj
 0001:0000b89c       _close                     000000018000c89c f   LIBCMT:close.obj
 0001:0000b960       _close_nolock              000000018000c960 f   LIBCMT:close.obj
 0001:0000ba1c       _freebuf                   000000018000ca1c f   LIBCMT:_freebuf.obj
 0001:0000ba54       __termconout               000000018000ca54 f   LIBCMT:initcon.obj
 0001:0000ba74       __initconout               000000018000ca74 f   LIBCMT:initcon.obj
 0001:0000bab0       RtlUnwindEx                000000018000cab0 f   kernel32:KERNEL32.dll
 0001:0000bab6       IsProcessorFeaturePresent  000000018000cab6 f   kernel32:KERNEL32.dll
 0001:0000babc       __delayLoadHelper2         000000018000cabc f   DelayImp:delayhlp.obj
 0002:00000000       __imp_GetModuleHandleA     000000018000d000     kernel32:KERNEL32.dll
 0002:00000008       __imp_CreateFileW          000000018000d008     kernel32:KERNEL32.dll
 0002:00000010       __imp_CloseHandle          000000018000d010     kernel32:KERNEL32.dll
 0002:00000018       __imp_WriteConsoleW        000000018000d018     kernel32:KERNEL32.dll
 0002:00000020       __imp_SetFilePointerEx     000000018000d020     kernel32:KERNEL32.dll
 0002:00000028       __imp_SetStdHandle         000000018000d028     kernel32:KERNEL32.dll
 0002:00000030       __imp_GetConsoleMode       000000018000d030     kernel32:KERNEL32.dll
 0002:00000038       __imp_GetConsoleCP         000000018000d038     kernel32:KERNEL32.dll
 0002:00000040       __imp_FlushFileBuffers     000000018000d040     kernel32:KERNEL32.dll
 0002:00000048       __imp_OutputDebugStringW   000000018000d048     kernel32:KERNEL32.dll
 0002:00000050       __imp_GetStringTypeW       000000018000d050     kernel32:KERNEL32.dll
 0002:00000058       __imp_EncodePointer        000000018000d058     kernel32:KERNEL32.dll
 0002:00000060       __imp_DecodePointer        000000018000d060     kernel32:KERNEL32.dll
 0002:00000068       __imp_GetCommandLineA      000000018000d068     kernel32:KERNEL32.dll
 0002:00000070       __imp_GetCurrentThreadId   000000018000d070     kernel32:KERNEL32.dll
 0002:00000078       __imp_RtlPcToFileHeader    000000018000d078     kernel32:KERNEL32.dll
 0002:00000080       __imp_RaiseException       000000018000d080     kernel32:KERNEL32.dll
 0002:00000088       __imp_RtlLookupFunctionEntry 000000018000d088     kernel32:KERNEL32.dll
 0002:00000090       __imp_RtlUnwindEx          000000018000d090     kernel32:KERNEL32.dll
 0002:00000098       __imp_IsDebuggerPresent    000000018000d098     kernel32:KERNEL32.dll
 0002:000000a0       __imp_IsProcessorFeaturePresent 000000018000d0a0     kernel32:KERNEL32.dll
 0002:000000a8       __imp_GetLastError         000000018000d0a8     kernel32:KERNEL32.dll
 0002:000000b0       __imp_ExitProcess          000000018000d0b0     kernel32:KERNEL32.dll
 0002:000000b8       __imp_GetModuleHandleExW   000000018000d0b8     kernel32:KERNEL32.dll
 0002:000000c0       __imp_GetProcAddress       000000018000d0c0     kernel32:KERNEL32.dll
 0002:000000c8       __imp_MultiByteToWideChar  000000018000d0c8     kernel32:KERNEL32.dll
 0002:000000d0       __imp_WideCharToMultiByte  000000018000d0d0     kernel32:KERNEL32.dll
 0002:000000d8       __imp_HeapSize             000000018000d0d8     kernel32:KERNEL32.dll
 0002:000000e0       __imp_HeapFree             000000018000d0e0     kernel32:KERNEL32.dll
 0002:000000e8       __imp_HeapAlloc            000000018000d0e8     kernel32:KERNEL32.dll
 0002:000000f0       __imp_IsValidCodePage      000000018000d0f0     kernel32:KERNEL32.dll
 0002:000000f8       __imp_GetACP               000000018000d0f8     kernel32:KERNEL32.dll
 0002:00000100       __imp_GetOEMCP             000000018000d100     kernel32:KERNEL32.dll
 0002:00000108       __imp_GetCPInfo            000000018000d108     kernel32:KERNEL32.dll
 0002:00000110       __imp_SetLastError         000000018000d110     kernel32:KERNEL32.dll
 0002:00000118       __imp_GetProcessHeap       000000018000d118     kernel32:KERNEL32.dll
 0002:00000120       __imp_GetStdHandle         000000018000d120     kernel32:KERNEL32.dll
 0002:00000128       __imp_GetFileType          000000018000d128     kernel32:KERNEL32.dll
 0002:00000130       __imp_DeleteCriticalSection 000000018000d130     kernel32:KERNEL32.dll
 0002:00000138       __imp_GetStartupInfoW      000000018000d138     kernel32:KERNEL32.dll
 0002:00000140       __imp_GetModuleFileNameA   000000018000d140     kernel32:KERNEL32.dll
 0002:00000148       __imp_QueryPerformanceCounter 000000018000d148     kernel32:KERNEL32.dll
 0002:00000150       __imp_GetCurrentProcessId  000000018000d150     kernel32:KERNEL32.dll
 0002:00000158       __imp_GetSystemTimeAsFileTime 000000018000d158     kernel32:KERNEL32.dll
 0002:00000160       __imp_GetEnvironmentStringsW 000000018000d160     kernel32:KERNEL32.dll
 0002:00000168       __imp_FreeEnvironmentStringsW 000000018000d168     kernel32:KERNEL32.dll
 0002:00000170       __imp_RtlCaptureContext    000000018000d170     kernel32:KERNEL32.dll
 0002:00000178       __imp_RtlVirtualUnwind     000000018000d178     kernel32:KERNEL32.dll
 0002:00000180       __imp_UnhandledExceptionFilter 000000018000d180     kernel32:KERNEL32.dll
 0002:00000188       __imp_SetUnhandledExceptionFilter 000000018000d188     kernel32:KERNEL32.dll
 0002:00000190       __imp_InitializeCriticalSectionAndSpinCount 000000018000d190     kernel32:KERNEL32.dll
 0002:00000198       __imp_Sleep                000000018000d198     kernel32:KERNEL32.dll
 0002:000001a0       __imp_GetCurrentProcess    000000018000d1a0     kernel32:KERNEL32.dll
 0002:000001a8       __imp_TerminateProcess     000000018000d1a8     kernel32:KERNEL32.dll
 0002:000001b0       __imp_TlsAlloc             000000018000d1b0     kernel32:KERNEL32.dll
 0002:000001b8       __imp_TlsGetValue          000000018000d1b8     kernel32:KERNEL32.dll
 0002:000001c0       __imp_TlsSetValue          000000018000d1c0     kernel32:KERNEL32.dll
 0002:000001c8       __imp_TlsFree              000000018000d1c8     kernel32:KERNEL32.dll
 0002:000001d0       __imp_GetModuleHandleW     000000018000d1d0     kernel32:KERNEL32.dll
 0002:000001d8       __imp_EnterCriticalSection 000000018000d1d8     kernel32:KERNEL32.dll
 0002:000001e0       __imp_LeaveCriticalSection 000000018000d1e0     kernel32:KERNEL32.dll
 0002:000001e8       __imp_WriteFile            000000018000d1e8     kernel32:KERNEL32.dll
 0002:000001f0       __imp_GetModuleFileNameW   000000018000d1f0     kernel32:KERNEL32.dll
 0002:000001f8       __imp_FreeLibrary          000000018000d1f8     kernel32:KERNEL32.dll
 0002:00000200       __imp_LoadLibraryExW       000000018000d200     kernel32:KERNEL32.dll
 0002:00000208       __imp_HeapReAlloc          000000018000d208     kernel32:KERNEL32.dll
 0002:00000210       __imp_LCMapStringW         000000018000d210     kernel32:KERNEL32.dll
 0002:00000218       __imp_LoadLibraryExA       000000018000d218     kernel32:KERNEL32.dll
 0002:00000220       \177KERNEL32_NULL_THUNK_DATA 000000018000d220     kernel32:KERNEL32.dll
 0002:00000228       __imp_PyObject_GetAttrString 000000018000d228     python27:python27.dll
 0002:00000230       __imp_PyFloat_AsDouble     000000018000d230     python27:python27.dll
 0002:00000238       __imp_Py_Finalize          000000018000d238     python27:python27.dll
 0002:00000240       __imp_PyTuple_Pack         000000018000d240     python27:python27.dll
 0002:00000248       __imp_PyRun_SimpleStringFlags 000000018000d248     python27:python27.dll
 0002:00000250       __imp_PyImport_Import      000000018000d250     python27:python27.dll
 0002:00000258       __imp_PyString_AsString    000000018000d258     python27:python27.dll
 0002:00000260       __imp_Py_Initialize        000000018000d260     python27:python27.dll
 0002:00000268       __imp_PyObject_CallObject  000000018000d268     python27:python27.dll
 0002:00000270       __imp_PyFloat_FromDouble   000000018000d270     python27:python27.dll
 0002:00000278       __imp_PyString_FromString  000000018000d278     python27:python27.dll
 0002:00000280       \177python27_NULL_THUNK_DATA 000000018000d280     python27:python27.dll
 0002:00000288       __xc_a                     000000018000d288     LIBCMT:crt0init.obj
 0002:000002a0       _register_addon_           000000018000d2a0     hello.obj
 0002:000002a8       __xc_z                     000000018000d2a8     LIBCMT:crt0init.obj
 0002:000002b0       __xi_a                     000000018000d2b0     LIBCMT:crt0init.obj
 0002:000002d8       __xi_z                     000000018000d2d8     LIBCMT:crt0init.obj
 0002:000002e0       __xp_a                     000000018000d2e0     LIBCMT:crt0init.obj
 0002:00000300       __xp_z                     000000018000d300     LIBCMT:crt0init.obj
 0002:00000308       __xt_a                     000000018000d308     LIBCMT:crt0init.obj
 0002:00000310       __xt_z                     000000018000d310     LIBCMT:crt0init.obj
 0002:00000360       __sz_node_exe              000000018000d360     node:node.exe
 0002:00000d10       ??_C@_0BC@CIJDGCDI@permission?5denied?$AA@ 000000018000dd10     libcpmt:syserror.obj
 0002:00000d28       ??_C@_0M@MIDIAGJP@file?5exists?$AA@ 000000018000dd28     libcpmt:syserror.obj
 0002:00000d38       ??_C@_0P@FDINDDOK@no?5such?5device?$AA@ 000000018000dd38     libcpmt:syserror.obj
 0002:00000d48       ??_C@_0BC@EJHOMAAK@filename?5too?5long?$AA@ 000000018000dd48     libcpmt:syserror.obj
 0002:00000d60       ??_C@_0BI@NGCEHDD@device?5or?5resource?5busy?$AA@ 000000018000dd60     libcpmt:syserror.obj
 0002:00000d78       ??_C@_08GLNPIFBN@io?5error?$AA@ 000000018000dd78     libcpmt:syserror.obj
 0002:00000d88       ??_C@_0BE@JIDOCPHM@directory?5not?5empty?$AA@ 000000018000dd88     libcpmt:syserror.obj
 0002:00000da0       ??_C@_0BB@FCMFBGOM@invalid?5argument?$AA@ 000000018000dda0     libcpmt:syserror.obj
 0002:00000db8       ??_C@_0BD@IJDJKDEA@no?5space?5on?5device?$AA@ 000000018000ddb8     libcpmt:syserror.obj
 0002:00000dd0       ??_C@_0BK@NDOCBPGE@no?5such?5file?5or?5directory?$AA@ 000000018000ddd0     libcpmt:syserror.obj
 0002:00000df0       ??_C@_0BH@KEFGLDAF@function?5not?5supported?$AA@ 000000018000ddf0     libcpmt:syserror.obj
 0002:00000e08       ??_C@_0BC@NJECKMKE@no?5lock?5available?$AA@ 000000018000de08     libcpmt:syserror.obj
 0002:00000e20       ??_C@_0BC@ENOOLCNF@not?5enough?5memory?$AA@ 000000018000de20     libcpmt:syserror.obj
 0002:00000e38       ??_C@_0BP@LKNGHENJ@resource?5unavailable?5try?5again?$AA@ 000000018000de38     libcpmt:syserror.obj
 0002:00000e58       ??_C@_0BC@PPHBOELF@cross?5device?5link?$AA@ 000000018000de58     libcpmt:syserror.obj
 0002:00000e70       ??_C@_0BD@MOLBPMEA@operation?5canceled?$AA@ 000000018000de70     libcpmt:syserror.obj
 0002:00000e88       ??_C@_0BE@GHAFMPAH@too?5many?5files?5open?$AA@ 000000018000de88     libcpmt:syserror.obj
 0002:00000ea0       ??_C@_0BC@FNODOBAE@permission_denied?$AA@ 000000018000dea0     libcpmt:syserror.obj
 0002:00000eb8       ??_C@_0P@LNDJPBFK@address_in_use?$AA@ 000000018000deb8     libcpmt:syserror.obj
 0002:00000ec8       ??_C@_0BG@IPMGOJF@address_not_available?$AA@ 000000018000dec8     libcpmt:syserror.obj
 0002:00000ee0       ??_C@_0BN@LCBDHODA@address_family_not_supported?$AA@ 000000018000dee0     libcpmt:syserror.obj
 0002:00000f00       ??_C@_0BP@FOJJHMCC@connection_already_in_progress?$AA@ 000000018000df00     libcpmt:syserror.obj
 0002:00000f20       ??_C@_0BE@DLHHIBGN@bad_file_descriptor?$AA@ 000000018000df20     libcpmt:syserror.obj
 0002:00000f38       ??_C@_0BD@OJMJDIGI@connection_aborted?$AA@ 000000018000df38     libcpmt:syserror.obj
 0002:00000f50       ??_C@_0BD@NGKCIFEP@connection_refused?$AA@ 000000018000df50     libcpmt:syserror.obj
 0002:00000f68       ??_C@_0BB@JOANDNCK@connection_reset?$AA@ 000000018000df68     libcpmt:syserror.obj
 0002:00000f80       ??_C@_0BN@JLJNLKLK@destination_address_required?$AA@ 000000018000df80     libcpmt:syserror.obj
 0002:00000fa0       ??_C@_0M@IJGMGFGP@bad_address?$AA@ 000000018000dfa0     libcpmt:syserror.obj
 0002:00000fb0       ??_C@_0BB@KKNHPPIN@host_unreachable?$AA@ 000000018000dfb0     libcpmt:syserror.obj
 0002:00000fc8       ??_C@_0BG@DJGBJIIK@operation_in_progress?$AA@ 000000018000dfc8     libcpmt:syserror.obj
 0002:00000fe0       ??_C@_0M@EGEKIIMP@interrupted?$AA@ 000000018000dfe0     libcpmt:syserror.obj
 0002:00000ff0       ??_C@_0BB@FFIHMIPJ@invalid_argument?$AA@ 000000018000dff0     libcpmt:syserror.obj
 0002:00001008       ??_C@_0BC@FIFLCHLO@already_connected?$AA@ 000000018000e008     libcpmt:syserror.obj
 0002:00001020       ??_C@_0BE@GJJJJDDA@too_many_files_open?$AA@ 000000018000e020     libcpmt:syserror.obj
 0002:00001038       ??_C@_0N@HPMLKHPL@message_size?$AA@ 000000018000e038     libcpmt:syserror.obj
 0002:00001048       ??_C@_0BC@LEEIKBAL@filename_too_long?$AA@ 000000018000e048     libcpmt:syserror.obj
 0002:00001060       ??_C@_0N@FCPALPJK@network_down?$AA@ 000000018000e060     libcpmt:syserror.obj
 0002:00001070       ??_C@_0O@EHNDLHIG@network_reset?$AA@ 000000018000e070     libcpmt:syserror.obj
 0002:00001080       ??_C@_0BE@JFNJIDNF@network_unreachable?$AA@ 000000018000e080     libcpmt:syserror.obj
 0002:00001098       ??_C@_0BA@FDIJKJCL@no_buffer_space?$AA@ 000000018000e098     libcpmt:syserror.obj
 0002:000010a8       ??_C@_0BD@JHIHCGKP@no_protocol_option?$AA@ 000000018000e0a8     libcpmt:syserror.obj
 0002:000010c0       ??_C@_0O@GBCLHHD@not_connected?$AA@ 000000018000e0c0     libcpmt:syserror.obj
 0002:000010d0       ??_C@_0N@IMHKKLEM@not_a_socket?$AA@ 000000018000e0d0     libcpmt:syserror.obj
 0002:000010e0       ??_C@_0BI@ICEIDKLJ@operation_not_supported?$AA@ 000000018000e0e0     libcpmt:syserror.obj
 0002:000010f8       ??_C@_0BH@KAPBAIJF@protocol_not_supported?$AA@ 000000018000e0f8     libcpmt:syserror.obj
 0002:00001110       ??_C@_0BE@GAOJJFPC@wrong_protocol_type?$AA@ 000000018000e110     libcpmt:syserror.obj
 0002:00001128       ??_C@_09NCHNLHPG@timed_out?$AA@ 000000018000e128     libcpmt:syserror.obj
 0002:00001138       ??_C@_0BG@GDGHKFDH@operation_would_block?$AA@ 000000018000e138     libcpmt:syserror.obj
 0002:00001150       ??_C@_0BN@LKKBCCDB@address?5family?5not?5supported?$AA@ 000000018000e150     libcpmt:syserror.obj
 0002:00001170       ??_C@_0P@LDMLAFHI@address?5in?5use?$AA@ 000000018000e170     libcpmt:syserror.obj
 0002:00001180       ??_C@_0BG@DHPCNBJB@address?5not?5available?$AA@ 000000018000e180     libcpmt:syserror.obj
 0002:00001198       ??_C@_0BC@DFIBIBIL@already?5connected?$AA@ 000000018000e198     libcpmt:syserror.obj
 0002:000011b0       ??_C@_0BH@CAKOHOMI@argument?5list?5too?5long?$AA@ 000000018000e1b0     libcpmt:syserror.obj
 0002:000011c8       ??_C@_0BH@CGIMPKIM@argument?5out?5of?5domain?$AA@ 000000018000e1c8     libcpmt:syserror.obj
 0002:000011e0       ??_C@_0M@KGHGGJGL@bad?5address?$AA@ 000000018000e1e0     libcpmt:syserror.obj
 0002:000011f0       ??_C@_0BE@MPJPGCEO@bad?5file?5descriptor?$AA@ 000000018000e1f0     libcpmt:syserror.obj
 0002:00001208       ??_C@_0M@PMMIEFCP@bad?5message?$AA@ 000000018000e208     libcpmt:syserror.obj
 0002:00001218       ??_C@_0M@KPHOFDBE@broken?5pipe?$AA@ 000000018000e218     libcpmt:syserror.obj
 0002:00001228       ??_C@_0BD@MGNDDEGM@connection?5aborted?$AA@ 000000018000e228     libcpmt:syserror.obj
 0002:00001240       ??_C@_0BP@KAIHPOGN@connection?5already?5in?5progress?$AA@ 000000018000e240     libcpmt:syserror.obj
 0002:00001260       ??_C@_0BD@PJLIIJEL@connection?5refused?$AA@ 000000018000e260     libcpmt:syserror.obj
 0002:00001278       ??_C@_0BB@IECNJNOI@connection?5reset?$AA@ 000000018000e278     libcpmt:syserror.obj
 0002:00001290       ??_C@_0BN@KDMIFEIP@destination?5address?5required?$AA@ 000000018000e290     libcpmt:syserror.obj
 0002:000012b0       ??_C@_0BI@BNCLIGPB@executable?5format?5error?$AA@ 000000018000e2b0     libcpmt:syserror.obj
 0002:000012c8       ??_C@_0P@DNAJLBJK@file?5too?5large?$AA@ 000000018000e2c8     libcpmt:syserror.obj
 0002:000012d8       ??_C@_0BB@DHFDFGDM@host?5unreachable?$AA@ 000000018000e2d8     libcpmt:syserror.obj
 0002:000012f0       ??_C@_0BD@JPHBMONG@identifier?5removed?$AA@ 000000018000e2f0     libcpmt:syserror.obj
 0002:00001308       ??_C@_0BG@CDNPAGJK@illegal?5byte?5sequence?$AA@ 000000018000e308     libcpmt:syserror.obj
 0002:00001320       ??_C@_0CD@BNPLBMNA@inappropriate?5io?5control?5operati@ 000000018000e320     libcpmt:syserror.obj
 0002:00001348       ??_C@_0N@OHAFKDEK@invalid?5seek?$AA@ 000000018000e348     libcpmt:syserror.obj
 0002:00001358       ??_C@_0P@FLLDBIDK@is?5a?5directory?$AA@ 000000018000e358     libcpmt:syserror.obj
 0002:00001368       ??_C@_0N@IFLPBIOP@message?5size?$AA@ 000000018000e368     libcpmt:syserror.obj
 0002:00001378       ??_C@_0N@KIIEAAIO@network?5down?$AA@ 000000018000e378     libcpmt:syserror.obj
 0002:00001388       ??_C@_0O@FNPDBHEE@network?5reset?$AA@ 000000018000e388     libcpmt:syserror.obj
 0002:00001398       ??_C@_0BE@IFNCKGE@network?5unreachable?$AA@ 000000018000e398     libcpmt:syserror.obj
 0002:000013b0       ??_C@_0BA@PFFCAOFK@no?5buffer?5space?$AA@ 000000018000e3b0     libcpmt:syserror.obj
 0002:000013c0       ??_C@_0BB@IEPBLJHK@no?5child?5process?$AA@ 000000018000e3c0     libcpmt:syserror.obj
 0002:000013d8       ??_C@_07PLECNNKG@no?5link?$AA@ 000000018000e3d8     libcpmt:syserror.obj
 0002:000013e0       ??_C@_0BF@PBGGPKKE@no?5message?5available?$AA@ 000000018000e3e0     libcpmt:syserror.obj
 0002:000013f8       ??_C@_0L@EDOLMPAK@no?5message?$AA@ 000000018000e3f8     libcpmt:syserror.obj
 0002:00001408       ??_C@_0BD@EAMBFIDF@no?5protocol?5option?$AA@ 000000018000e408     libcpmt:syserror.obj
 0002:00001420       ??_C@_0BE@MKFDAFMP@no?5stream?5resources?$AA@ 000000018000e420     libcpmt:syserror.obj
 0002:00001438       ??_C@_0BK@IMCPHCBI@no?5such?5device?5or?5address?$AA@ 000000018000e438     libcpmt:syserror.obj
 0002:00001458       ??_C@_0BA@ENLPPKBN@no?5such?5process?$AA@ 000000018000e458     libcpmt:syserror.obj
 0002:00001468       ??_C@_0BA@DOCPFFJG@not?5a?5directory?$AA@ 000000018000e468     libcpmt:syserror.obj
 0002:00001478       ??_C@_0N@POEIPGGF@not?5a?5socket?$AA@ 000000018000e478     libcpmt:syserror.obj
 0002:00001488       ??_C@_0N@LGAPMMPI@not?5a?5stream?$AA@ 000000018000e488     libcpmt:syserror.obj
 0002:00001498       ??_C@_0O@GLMIBBEG@not?5connected?$AA@ 000000018000e498     libcpmt:syserror.obj
 0002:000014a8       ??_C@_0O@NHEDABJP@not?5supported?$AA@ 000000018000e4a8     libcpmt:syserror.obj
 0002:000014b8       ??_C@_0BG@KDKHOPCO@operation?5in?5progress?$AA@ 000000018000e4b8     libcpmt:syserror.obj
 0002:000014d0       ??_C@_0BI@OHIEJAAB@operation?5not?5permitted?$AA@ 000000018000e4d0     libcpmt:syserror.obj
 0002:000014e8       ??_C@_0BI@LNEGIFLN@operation?5not?5supported?$AA@ 000000018000e4e8     libcpmt:syserror.obj
 0002:00001500       ??_C@_0BG@OEMDKMEE@operation?5would?5block?$AA@ 000000018000e500     libcpmt:syserror.obj
 0002:00001518       ??_C@_0L@BLPOFLNJ@owner?5dead?$AA@ 000000018000e518     libcpmt:syserror.obj
 0002:00001528       ??_C@_0P@FNPOCJBE@protocol?5error?$AA@ 000000018000e528     libcpmt:syserror.obj
 0002:00001538       ??_C@_0BH@JPPPLHJB@protocol?5not?5supported?$AA@ 000000018000e538     libcpmt:syserror.obj
 0002:00001550       ??_C@_0BG@EICBIHDP@read?5only?5file?5system?$AA@ 000000018000e550     libcpmt:syserror.obj
 0002:00001568       ??_C@_0BO@BJBOMOEJ@resource?5deadlock?5would?5occur?$AA@ 000000018000e568     libcpmt:syserror.obj
 0002:00001588       ??_C@_0BE@GOIPJJHG@result?5out?5of?5range?$AA@ 000000018000e588     libcpmt:syserror.obj
 0002:000015a0       ??_C@_0BG@MPLKFPAE@state?5not?5recoverable?$AA@ 000000018000e5a0     libcpmt:syserror.obj
 0002:000015b8       ??_C@_0P@DIIFGFCG@stream?5timeout?$AA@ 000000018000e5b8     libcpmt:syserror.obj
 0002:000015c8       ??_C@_0P@IPFDMIFL@text?5file?5busy?$AA@ 000000018000e5c8     libcpmt:syserror.obj
 0002:000015d8       ??_C@_09KJPPMAOI@timed?5out?$AA@ 000000018000e5d8     libcpmt:syserror.obj
 0002:000015e8       ??_C@_0BO@HACHBEKI@too?5many?5files?5open?5in?5system?$AA@ 000000018000e5e8     libcpmt:syserror.obj
 0002:00001608       ??_C@_0P@HCOMKFCC@too?5many?5links?$AA@ 000000018000e608     libcpmt:syserror.obj
 0002:00001618       ??_C@_0BO@EFGOJEF@too?5many?5symbolic?5link?5levels?$AA@ 000000018000e618     libcpmt:syserror.obj
 0002:00001638       ??_C@_0BA@KGKGOOJA@value?5too?5large?$AA@ 000000018000e638     libcpmt:syserror.obj
 0002:00001648       ??_C@_0BE@MIEJDDNH@wrong?5protocol?5type?$AA@ 000000018000e648     libcpmt:syserror.obj
 0002:00001668       ??_7bad_alloc@std@@6B@     000000018000e668     libcpmt:xthrow.obj
 0002:00001678       ??_C@_0P@GHFPNOJB@bad?5allocation?$AA@ 000000018000e678     libcpmt:xthrow.obj
 0002:00001690       ??_7logic_error@std@@6B@   000000018000e690     libcpmt:xthrow.obj
 0002:000016a8       ??_7length_error@std@@6B@  000000018000e6a8     libcpmt:xthrow.obj
 0002:000016c0       ??_7out_of_range@std@@6B@  000000018000e6c0     libcpmt:xthrow.obj
 0002:000016d0       ??_C@_06MEIMCGCF@_hypot?$AA@ 000000018000e6d0     LIBCMT:hypot.obj
 0002:000016d8       _pDefaultRawDllMain        000000018000e6d8     LIBCMT:dllcrt0.obj
 0002:000016d8       _pRawDllMain               000000018000e6d8     LIBCMT:dllcrt0.obj
 0002:00001728       ??_7type_info@@6B@         000000018000e728     LIBCMT:typinfo.obj
 0002:00001730       _FPinit                    000000018000e730     LIBCMT:fpinit.obj
 0002:00001740       ??_7exception@std@@6B@     000000018000e740     LIBCMT:stdexcpt.obj
 0002:00001750       ??_C@_0BC@EOODALEL@Unknown?5exception?$AA@ 000000018000e750     LIBCMT:stdexcpt.obj
 0002:00001778       ??_C@_1BI@BGOHAHKC@?$AAm?$AAs?$AAc?$AAo?$AAr?$AAe?$AAe?$AA?4?$AAd?$AAl?$AAl?$AA?$AA@ 000000018000e778     LIBCMT:crt0dat.obj
 0002:00001790       ??_C@_0P@MIGLKIOC@CorExitProcess?$AA@ 000000018000e790     LIBCMT:crt0dat.obj
 0002:000017c0       ??_C@_1M@HPNHIDJI@?$AAj?$AAa?$AA?9?$AAJ?$AAP?$AA?$AA@ 000000018000e7c0     LIBCMT:mbctype.obj
 0002:000017d0       ??_C@_1M@BIBDDEMK@?$AAz?$AAh?$AA?9?$AAC?$AAN?$AA?$AA@ 000000018000e7d0     LIBCMT:mbctype.obj
 0002:000017e0       ??_C@_1M@JLOOOEGK@?$AAk?$AAo?$AA?9?$AAK?$AAR?$AA?$AA@ 000000018000e7e0     LIBCMT:mbctype.obj
 0002:000017f0       ??_C@_1M@CLNBBOPM@?$AAz?$AAh?$AA?9?$AAT?$AAW?$AA?$AA@ 000000018000e7f0     LIBCMT:mbctype.obj
 0002:000017fc       ??_C@_03KOEHGMDN@Sun?$AA@  000000018000e7fc     LIBCMT:nlsdata.obj
 0002:00001800       ??_C@_03PDAGKDH@Mon?$AA@   000000018000e800     LIBCMT:nlsdata.obj
 0002:00001804       ??_C@_03NAGEINEP@Tue?$AA@  000000018000e804     LIBCMT:nlsdata.obj
 0002:00001808       ??_C@_03MHOMLAJA@Wed?$AA@  000000018000e808     LIBCMT:nlsdata.obj
 0002:0000180c       ??_C@_03IOFIKPDN@Thu?$AA@  000000018000e80c     LIBCMT:nlsdata.obj
 0002:00001810       ??_C@_03IDIOELNC@Fri?$AA@  000000018000e810     LIBCMT:nlsdata.obj
 0002:00001814       ??_C@_03FEFJNEK@Sat?$AA@   000000018000e814     LIBCMT:nlsdata.obj
 0002:00001818       ??_C@_06OOPIFAJ@Sunday?$AA@ 000000018000e818     LIBCMT:nlsdata.obj
 0002:00001820       ??_C@_06JLEDEDGH@Monday?$AA@ 000000018000e820     LIBCMT:nlsdata.obj
 0002:00001828       ??_C@_07BAAGCFCM@Tuesday?$AA@ 000000018000e828     LIBCMT:nlsdata.obj
 0002:00001830       ??_C@_09DLIGFAKA@Wednesday?$AA@ 000000018000e830     LIBCMT:nlsdata.obj
 0002:00001840       ??_C@_08HACCIKIA@Thursday?$AA@ 000000018000e840     LIBCMT:nlsdata.obj
 0002:0000184c       ??_C@_06JECMNKMI@Friday?$AA@ 000000018000e84c     LIBCMT:nlsdata.obj
 0002:00001858       ??_C@_08INBOOONO@Saturday?$AA@ 000000018000e858     LIBCMT:nlsdata.obj
 0002:00001864       ??_C@_03JIHJHPIE@Jan?$AA@  000000018000e864     LIBCMT:nlsdata.obj
 0002:00001868       ??_C@_03HJBDCHOM@Feb?$AA@  000000018000e868     LIBCMT:nlsdata.obj
 0002:0000186c       ??_C@_03ODNJBKGA@Mar?$AA@  000000018000e86c     LIBCMT:nlsdata.obj
 0002:00001870       ??_C@_03LEOLGMJP@Apr?$AA@  000000018000e870     LIBCMT:nlsdata.obj
 0002:00001874       ??_C@_03CNMDKL@May?$AA@    000000018000e874     LIBCMT:nlsdata.obj
 0002:00001878       ??_C@_03IDFGHECI@Jun?$AA@  000000018000e878     LIBCMT:nlsdata.obj
 0002:0000187c       ??_C@_03LBGABGKK@Jul?$AA@  000000018000e87c     LIBCMT:nlsdata.obj
 0002:00001880       ??_C@_03IFJFEIGA@Aug?$AA@  000000018000e880     LIBCMT:nlsdata.obj
 0002:00001884       ??_C@_03GGCAPAJC@Sep?$AA@  000000018000e884     LIBCMT:nlsdata.obj
 0002:00001888       ??_C@_03BMAOKBAD@Oct?$AA@  000000018000e888     LIBCMT:nlsdata.obj
 0002:0000188c       ??_C@_03JPJOFNIA@Nov?$AA@  000000018000e88c     LIBCMT:nlsdata.obj
 0002:00001890       ??_C@_03MKABNOCG@Dec?$AA@  000000018000e890     LIBCMT:nlsdata.obj
 0002:00001898       ??_C@_07CGJPFGJA@January?$AA@ 000000018000e898     LIBCMT:nlsdata.obj
 0002:000018a0       ??_C@_08GNJGEPFN@February?$AA@ 000000018000e8a0     LIBCMT:nlsdata.obj
 0002:000018ac       ??_C@_05HPCKOFNC@March?$AA@ 000000018000e8ac     LIBCMT:nlsdata.obj
 0002:000018b4       ??_C@_05DMJDNLEJ@April?$AA@ 000000018000e8b4     LIBCMT:nlsdata.obj
 0002:000018bc       ??_C@_04CNLMGBGM@June?$AA@ 000000018000e8bc     LIBCMT:nlsdata.obj
 0002:000018c4       ??_C@_04MIEPOIFP@July?$AA@ 000000018000e8c4     LIBCMT:nlsdata.obj
 0002:000018cc       ??_C@_06LBBHFDDG@August?$AA@ 000000018000e8cc     LIBCMT:nlsdata.obj
 0002:000018d8       ??_C@_09BHHEALKD@September?$AA@ 000000018000e8d8     LIBCMT:nlsdata.obj
 0002:000018e8       ??_C@_07JJNFCEND@October?$AA@ 000000018000e8e8     LIBCMT:nlsdata.obj
 0002:000018f0       ??_C@_08HCHEGEOA@November?$AA@ 000000018000e8f0     LIBCMT:nlsdata.obj
 0002:00001900       ??_C@_08EDHMEBNP@December?$AA@ 000000018000e900     LIBCMT:nlsdata.obj
 0002:0000190c       ??_C@_02DEDBPAFC@AM?$AA@   000000018000e90c     LIBCMT:nlsdata.obj
 0002:00001910       ??_C@_02CJNFDJBF@PM?$AA@   000000018000e910     LIBCMT:nlsdata.obj
 0002:00001918       ??_C@_08BPBNCDIB@MM?1dd?1yy?$AA@ 000000018000e918     LIBCMT:nlsdata.obj
 0002:00001928       ??_C@_0BE@CKGJFCPC@dddd?0?5MMMM?5dd?0?5yyyy?$AA@ 000000018000e928     LIBCMT:nlsdata.obj
 0002:00001940       ??_C@_08JCCMCCIL@HH?3mm?3ss?$AA@ 000000018000e940     LIBCMT:nlsdata.obj
 0002:00001950       ??_C@_17MBGCMIPB@?$AAS?$AAu?$AAn?$AA?$AA@ 000000018000e950     LIBCMT:nlsdata.obj
 0002:00001958       ??_C@_17KBOMKBF@?$AAM?$AAo?$AAn?$AA?$AA@ 000000018000e958     LIBCMT:nlsdata.obj
 0002:00001960       ??_C@_17BMKGEGOJ@?$AAT?$AAu?$AAe?$AA?$AA@ 000000018000e960     LIBCMT:nlsdata.obj
 0002:00001968       ??_C@_17CJEDCEPE@?$AAW?$AAe?$AAd?$AA?$AA@ 000000018000e968     LIBCMT:nlsdata.obj
 0002:00001970       ??_C@_17PDPHAADD@?$AAT?$AAh?$AAu?$AA?$AA@ 000000018000e970     LIBCMT:nlsdata.obj
 0002:00001978       ??_C@_17HFOLPPLP@?$AAF?$AAr?$AAi?$AA?$AA@ 000000018000e978     LIBCMT:nlsdata.obj
 0002:00001980       ??_C@_17GGIBDPIH@?$AAS?$AAa?$AAt?$AA?$AA@ 000000018000e980     LIBCMT:nlsdata.obj
 0002:00001988       ??_C@_1O@IHNHDHPB@?$AAS?$AAu?$AAn?$AAd?$AAa?$AAy?$AA?$AA@ 000000018000e988     LIBCMT:nlsdata.obj
 0002:00001998       ??_C@_1O@MMNBFLIA@?$AAM?$AAo?$AAn?$AAd?$AAa?$AAy?$AA?$AA@ 000000018000e998     LIBCMT:nlsdata.obj
 0002:000019a8       ??_C@_1BA@ENFBFFEK@?$AAT?$AAu?$AAe?$AAs?$AAd?$AAa?$AAy?$AA?$AA@ 000000018000e9a8     LIBCMT:nlsdata.obj
 0002:000019b8       ??_C@_1BE@EBOGMDOH@?$AAW?$AAe?$AAd?$AAn?$AAe?$AAs?$AAd?$AAa?$AAy?$AA?$AA@ 000000018000e9b8     LIBCMT:nlsdata.obj
 0002:000019d0       ??_C@_1BC@HHMNLIHE@?$AAT?$AAh?$AAu?$AAr?$AAs?$AAd?$AAa?$AAy?$AA?$AA@ 000000018000e9d0     LIBCMT:nlsdata.obj
 0002:000019e8       ??_C@_1O@PDICJHAG@?$AAF?$AAr?$AAi?$AAd?$AAa?$AAy?$AA?$AA@ 000000018000e9e8     LIBCMT:nlsdata.obj
 0002:000019f8       ??_C@_1BC@ENMNNPAJ@?$AAS?$AAa?$AAt?$AAu?$AAr?$AAd?$AAa?$AAy?$AA?$AA@ 000000018000e9f8     LIBCMT:nlsdata.obj
 0002:00001a10       ??_C@_17DKNBKCHM@?$AAJ?$AAa?$AAn?$AA?$AA@ 000000018000ea10     LIBCMT:nlsdata.obj
 0002:00001a18       ??_C@_17LMDJEKJN@?$AAF?$AAe?$AAb?$AA?$AA@ 000000018000ea18     LIBCMT:nlsdata.obj
 0002:00001a20       ??_C@_17CKNLEDEC@?$AAM?$AAa?$AAr?$AA?$AA@ 000000018000ea20     LIBCMT:nlsdata.obj
 0002:00001a28       ??_C@_17LFPOIHDD@?$AAA?$AAp?$AAr?$AA?$AA@ 000000018000ea28     LIBCMT:nlsdata.obj
 0002:00001a30       ??_C@_17PNNKMEED@?$AAM?$AAa?$AAy?$AA?$AA@ 000000018000ea30     LIBCMT:nlsdata.obj
 0002:00001a38       ??_C@_17KCJGOCPB@?$AAJ?$AAu?$AAn?$AA?$AA@ 000000018000ea38     LIBCMT:nlsdata.obj
 0002:00001a40       ??_C@_17IJPCKHK@?$AAJ?$AAu?$AAl?$AA?$AA@ 000000018000ea40     LIBCMT:nlsdata.obj
 0002:00001a48       ??_C@_17ICPELBCN@?$AAA?$AAu?$AAg?$AA?$AA@ 000000018000ea48     LIBCMT:nlsdata.obj
 0002:00001a50       ??_C@_17HCHCOKMG@?$AAS?$AAe?$AAp?$AA?$AA@ 000000018000ea50     LIBCMT:nlsdata.obj
 0002:00001a58       ??_C@_17FNLKOI@?$AAO?$AAc?$AAt?$AA?$AA@ 000000018000ea58     LIBCMT:nlsdata.obj
 0002:00001a60       ??_C@_17BBDMLCIG@?$AAN?$AAo?$AAv?$AA?$AA@ 000000018000ea60     LIBCMT:nlsdata.obj
 0002:00001a68       ??_C@_17EGKACKIF@?$AAD?$AAe?$AAc?$AA?$AA@ 000000018000ea68     LIBCMT:nlsdata.obj
 0002:00001a70       ??_C@_1BA@EFMEIEBA@?$AAJ?$AAa?$AAn?$AAu?$AAa?$AAr?$AAy?$AA?$AA@ 000000018000ea70     LIBCMT:nlsdata.obj
 0002:00001a80       ??_C@_1BC@JGDDFFAM@?$AAF?$AAe?$AAb?$AAr?$AAu?$AAa?$AAr?$AAy?$AA?$AA@ 000000018000ea80     LIBCMT:nlsdata.obj
 0002:00001a98       ??_C@_1M@IKEENEDF@?$AAM?$AAa?$AAr?$AAc?$AAh?$AA?$AA@ 000000018000ea98     LIBCMT:nlsdata.obj
 0002:00001aa8       ??_C@_1M@GJNLMHFD@?$AAA?$AAp?$AAr?$AAi?$AAl?$AA?$AA@ 000000018000eaa8     LIBCMT:nlsdata.obj
 0002:00001ab8       ??_C@_19EPFLPGAP@?$AAJ?$AAu?$AAn?$AAe?$AA?$AA@ 000000018000eab8     LIBCMT:nlsdata.obj
 0002:00001ac8       ??_C@_19BIFMLPCD@?$AAJ?$AAu?$AAl?$AAy?$AA?$AA@ 000000018000eac8     LIBCMT:nlsdata.obj
 0002:00001ad8       ??_C@_1O@PAHLKOAC@?$AAA?$AAu?$AAg?$AAu?$AAs?$AAt?$AA?$AA@ 000000018000ead8     LIBCMT:nlsdata.obj
 0002:00001ae8       ??_C@_1BE@DKAAMBJL@?$AAS?$AAe?$AAp?$AAt?$AAe?$AAm?$AAb?$AAe?$AAr?$AA?$AA@ 000000018000eae8     LIBCMT:nlsdata.obj
 0002:00001b00       ??_C@_1BA@EPANDLNG@?$AAO?$AAc?$AAt?$AAo?$AAb?$AAe?$AAr?$AA?$AA@ 000000018000eb00     LIBCMT:nlsdata.obj
 0002:00001b10       ??_C@_1BC@BGLIFPF@?$AAN?$AAo?$AAv?$AAe?$AAm?$AAb?$AAe?$AAr?$AA?$AA@ 000000018000eb10     LIBCMT:nlsdata.obj
 0002:00001b28       ??_C@_1BC@FEMKIFH@?$AAD?$AAe?$AAc?$AAe?$AAm?$AAb?$AAe?$AAr?$AA?$AA@ 000000018000eb28     LIBCMT:nlsdata.obj
 0002:00001b3c       ??_C@_15ODEHAHHF@?$AAA?$AAM?$AA?$AA@ 000000018000eb3c     LIBCMT:nlsdata.obj
 0002:00001b44       ??_C@_15CLMNNGEL@?$AAP?$AAM?$AA?$AA@ 000000018000eb44     LIBCMT:nlsdata.obj
 0002:00001b50       ??_C@_1BC@IEBCMHCM@?$AAM?$AAM?$AA?1?$AAd?$AAd?$AA?1?$AAy?$AAy?$AA?$AA@ 000000018000eb50     LIBCMT:nlsdata.obj
 0002:00001b68       ??_C@_1CI@KNAKOEBC@?$AAd?$AAd?$AAd?$AAd?$AA?0?$AA?5?$AAM?$AAM?$AAM?$AAM?$AA?5?$AAd?$AAd?$AA?0?$AA?5?$AAy?$AAy?$AAy?$AAy?$AA?$AA@ 000000018000eb68     LIBCMT:nlsdata.obj
 0002:00001b90       ??_C@_1BC@GDGBMEMK@?$AAH?$AAH?$AA?3?$AAm?$AAm?$AA?3?$AAs?$AAs?$AA?$AA@ 000000018000eb90     LIBCMT:nlsdata.obj
 0002:00001ba8       ??_C@_1M@BMHNFIME@?$AAe?$AAn?$AA?9?$AAU?$AAS?$AA?$AA@ 000000018000eba8     LIBCMT:nlsdata.obj
 0002:00001c40       _XcptActTab                000000018000ec40     LIBCMT:winxfltr.obj
 0002:00001d00       _XcptActTabCount           000000018000ed00     LIBCMT:winxfltr.obj
 0002:00001d04       _XcptActTabSize            000000018000ed04     LIBCMT:winxfltr.obj
 0002:00001d08       _First_FPE_Indx            000000018000ed08     LIBCMT:winxfltr.obj
 0002:00001d0c       _Num_FPE                   000000018000ed0c     LIBCMT:winxfltr.obj
 0002:00001d10       ??_C@_1BK@MGMFAEKH@?$AAk?$AAe?$AAr?$AAn?$AAe?$AAl?$AA3?$AA2?$AA?4?$AAd?$AAl?$AAl?$AA?$AA@ 000000018000ed10     LIBCMT:winapisupp.obj
 0002:00001d30       ??_C@_08KNHFBNJ@FlsAlloc?$AA@ 000000018000ed30     LIBCMT:winapisupp.obj
 0002:00001d40       ??_C@_07PEJMOBNF@FlsFree?$AA@ 000000018000ed40     LIBCMT:winapisupp.obj
 0002:00001d48       ??_C@_0M@GDNOONDI@FlsGetValue?$AA@ 000000018000ed48     LIBCMT:winapisupp.obj
 0002:00001d58       ??_C@_0M@JCPCPOEF@FlsSetValue?$AA@ 000000018000ed58     LIBCMT:winapisupp.obj
 0002:00001d68       ??_C@_0BM@HCFOFFN@InitializeCriticalSectionEx?$AA@ 000000018000ed68     LIBCMT:winapisupp.obj
 0002:00001d88       ??_C@_0P@DLHPPCNH@CreateEventExW?$AA@ 000000018000ed88     LIBCMT:winapisupp.obj
 0002:00001d98       ??_C@_0BD@KIEEOEEH@CreateSemaphoreExW?$AA@ 000000018000ed98     LIBCMT:winapisupp.obj
 0002:00001db0       ??_C@_0BI@BKLFFAPO@SetThreadStackGuarantee?$AA@ 000000018000edb0     LIBCMT:winapisupp.obj
 0002:00001dc8       ??_C@_0BG@OGFAJCKC@CreateThreadpoolTimer?$AA@ 000000018000edc8     LIBCMT:winapisupp.obj
 0002:00001de0       ??_C@_0BD@LPLEMMDI@SetThreadpoolTimer?$AA@ 000000018000ede0     LIBCMT:winapisupp.obj
 0002:00001df8       ??_C@_0CA@FMNJENH@WaitForThreadpoolTimerCallbacks?$AA@ 000000018000edf8     LIBCMT:winapisupp.obj
 0002:00001e18       ??_C@_0BF@DCFCCNOC@CloseThreadpoolTimer?$AA@ 000000018000ee18     LIBCMT:winapisupp.obj
 0002:00001e30       ??_C@_0BF@FLABGKKM@CreateThreadpoolWait?$AA@ 000000018000ee30     LIBCMT:winapisupp.obj
 0002:00001e48       ??_C@_0BC@MGCOHNA@SetThreadpoolWait?$AA@ 000000018000ee48     LIBCMT:winapisupp.obj
 0002:00001e60       ??_C@_0BE@OCIOMIMP@CloseThreadpoolWait?$AA@ 000000018000ee60     LIBCMT:winapisupp.obj
 0002:00001e78       ??_C@_0BJ@LKGHFHBO@FlushProcessWriteBuffers?$AA@ 000000018000ee78     LIBCMT:winapisupp.obj
 0002:00001e98       ??_C@_0BP@KALKKPMO@FreeLibraryWhenCallbackReturns?$AA@ 000000018000ee98     LIBCMT:winapisupp.obj
 0002:00001eb8       ??_C@_0BK@DFNBACLA@GetCurrentProcessorNumber?$AA@ 000000018000eeb8     LIBCMT:winapisupp.obj
 0002:00001ed8       ??_C@_0BP@KHGALBC@GetLogicalProcessorInformation?$AA@ 000000018000eed8     LIBCMT:winapisupp.obj
 0002:00001ef8       ??_C@_0BE@FKKLLFLM@CreateSymbolicLinkW?$AA@ 000000018000eef8     LIBCMT:winapisupp.obj
 0002:00001f10       ??_C@_0BJ@OHNKDLIJ@SetDefaultDllDirectories?$AA@ 000000018000ef10     LIBCMT:winapisupp.obj
 0002:00001f30       ??_C@_0BE@LJANKFHF@EnumSystemLocalesEx?$AA@ 000000018000ef30     LIBCMT:winapisupp.obj
 0002:00001f48       ??_C@_0BA@IHGNDAEB@CompareStringEx?$AA@ 000000018000ef48     LIBCMT:winapisupp.obj
 0002:00001f58       ??_C@_0BA@EPCJIIPD@GetDateFormatEx?$AA@ 000000018000ef58     LIBCMT:winapisupp.obj
 0002:00001f68       ??_C@_0BA@ONOKGCMP@GetLocaleInfoEx?$AA@ 000000018000ef68     LIBCMT:winapisupp.obj
 0002:00001f78       ??_C@_0BA@CIJJKCJJ@GetTimeFormatEx?$AA@ 000000018000ef78     LIBCMT:winapisupp.obj
 0002:00001f88       ??_C@_0BJ@PBCCBIPI@GetUserDefaultLocaleName?$AA@ 000000018000ef88     LIBCMT:winapisupp.obj
 0002:00001fa8       ??_C@_0BC@CELBKLLA@IsValidLocaleName?$AA@ 000000018000efa8     LIBCMT:winapisupp.obj
 0002:00001fc0       ??_C@_0O@KKBNKAPF@LCMapStringEx?$AA@ 000000018000efc0     LIBCMT:winapisupp.obj
 0002:00001fd0       ??_C@_0BE@JOGNEJCI@GetCurrentPackageId?$AA@ 000000018000efd0     LIBCMT:winapisupp.obj
 0002:00001fe8       ??_C@_0P@CDHHOHKP@GetTickCount64?$AA@ 000000018000efe8     LIBCMT:winapisupp.obj
 0002:00001ff8       ??_C@_0BO@KPCLFDJJ@GetFileInformationByHandleExW?$AA@ 000000018000eff8     LIBCMT:winapisupp.obj
 0002:00002018       ??_C@_0BM@MHIDLABK@SetFileInformationByHandleW?$AA@ 000000018000f018     LIBCMT:winapisupp.obj
 0002:00002038       _pDestructExceptionObject  000000018000f038     LIBCMT:frame.obj
 0002:00002040       ??_C@_05KLBDPFGC@e?$CL000?$AA@ 000000018000f040     LIBCMT:cvt.obj
 0002:00002048       __real@0000000000000000    000000018000f048     LIBCMT:cvt.obj
 0002:000021c0       ??_C@_1FK@PGACCAFB@?$AAR?$AA6?$AA0?$AA0?$AA2?$AA?$AN?$AA?6?$AA?9?$AA?5?$AAf?$AAl?$AAo?$AAa?$AAt?$AAi?$AAn?$AAg?$AA?5?$AAp?$AAo?$AAi?$AAn?$AAt?$AA?5?$AAs?$AAu?$AAp?$AAp?$AAo?$AAr?$AAt?$AA?5@ 000000018000f1c0     LIBCMT:crt0msg.obj
 0002:00002220       ??_C@_1FE@LLNEDJMD@?$AAR?$AA6?$AA0?$AA0?$AA8?$AA?$AN?$AA?6?$AA?9?$AA?5?$AAn?$AAo?$AAt?$AA?5?$AAe?$AAn?$AAo?$AAu?$AAg?$AAh?$AA?5?$AAs?$AAp?$AAa?$AAc?$AAe?$AA?5?$AAf?$AAo?$AAr?$AA?5?$AAa?$AAr@ 000000018000f220     LIBCMT:crt0msg.obj
 0002:00002280       ??_C@_1FI@HONFMGBI@?$AAR?$AA6?$AA0?$AA0?$AA9?$AA?$AN?$AA?6?$AA?9?$AA?5?$AAn?$AAo?$AAt?$AA?5?$AAe?$AAn?$AAo?$AAu?$AAg?$AAh?$AA?5?$AAs?$AAp?$AAa?$AAc?$AAe?$AA?5?$AAf?$AAo?$AAr?$AA?5?$AAe?$AAn@ 000000018000f280     LIBCMT:crt0msg.obj
 0002:000022e0       ??_C@_1EG@BEHAGFJD@?$AAR?$AA6?$AA0?$AA1?$AA0?$AA?$AN?$AA?6?$AA?9?$AA?5?$AAa?$AAb?$AAo?$AAr?$AAt?$AA?$CI?$AA?$CJ?$AA?5?$AAh?$AAa?$AAs?$AA?5?$AAb?$AAe?$AAe?$AAn?$AA?5?$AAc?$AAa?$AAl?$AAl?$AAe?$AAd@ 000000018000f2e0     LIBCMT:crt0msg.obj
 0002:00002330       ??_C@_1FI@LOGNIKDM@?$AAR?$AA6?$AA0?$AA1?$AA6?$AA?$AN?$AA?6?$AA?9?$AA?5?$AAn?$AAo?$AAt?$AA?5?$AAe?$AAn?$AAo?$AAu?$AAg?$AAh?$AA?5?$AAs?$AAp?$AAa?$AAc?$AAe?$AA?5?$AAf?$AAo?$AAr?$AA?5?$AAt?$AAh@ 000000018000f330     LIBCMT:crt0msg.obj
 0002:00002390       ??_C@_1FK@BEOGODMC@?$AAR?$AA6?$AA0?$AA1?$AA7?$AA?$AN?$AA?6?$AA?9?$AA?5?$AAu?$AAn?$AAe?$AAx?$AAp?$AAe?$AAc?$AAt?$AAe?$AAd?$AA?5?$AAm?$AAu?$AAl?$AAt?$AAi?$AAt?$AAh?$AAr?$AAe?$AAa?$AAd?$AA?5@ 000000018000f390     LIBCMT:crt0msg.obj
 0002:000023f0       ??_C@_1EC@JIBHAOPH@?$AAR?$AA6?$AA0?$AA1?$AA8?$AA?$AN?$AA?6?$AA?9?$AA?5?$AAu?$AAn?$AAe?$AAx?$AAp?$AAe?$AAc?$AAt?$AAe?$AAd?$AA?5?$AAh?$AAe?$AAa?$AAp?$AA?5?$AAe?$AAr?$AAr?$AAo?$AAr?$AA?$AN?$AA?6@ 000000018000f3f0     LIBCMT:crt0msg.obj
 0002:00002440       ??_C@_1FC@ECHBIFBC@?$AAR?$AA6?$AA0?$AA1?$AA9?$AA?$AN?$AA?6?$AA?9?$AA?5?$AAu?$AAn?$AAa?$AAb?$AAl?$AAe?$AA?5?$AAt?$AAo?$AA?5?$AAo?$AAp?$AAe?$AAn?$AA?5?$AAc?$AAo?$AAn?$AAs?$AAo?$AAl?$AAe?$AA?5@ 000000018000f440     LIBCMT:crt0msg.obj
 0002:000024a0       ??_C@_1GK@FHCKBEFA@?$AAR?$AA6?$AA0?$AA2?$AA4?$AA?$AN?$AA?6?$AA?9?$AA?5?$AAn?$AAo?$AAt?$AA?5?$AAe?$AAn?$AAo?$AAu?$AAg?$AAh?$AA?5?$AAs?$AAp?$AAa?$AAc?$AAe?$AA?5?$AAf?$AAo?$AAr?$AA?5?$AA_?$AAo@ 000000018000f4a0     LIBCMT:crt0msg.obj
 0002:00002510       ??_C@_1EM@MAADIHMB@?$AAR?$AA6?$AA0?$AA2?$AA5?$AA?$AN?$AA?6?$AA?9?$AA?5?$AAp?$AAu?$AAr?$AAe?$AA?5?$AAv?$AAi?$AAr?$AAt?$AAu?$AAa?$AAl?$AA?5?$AAf?$AAu?$AAn?$AAc?$AAt?$AAi?$AAo?$AAn?$AA?5?$AAc@ 000000018000f510     LIBCMT:crt0msg.obj
 0002:00002560       ??_C@_1GK@MCAAGJMO@?$AAR?$AA6?$AA0?$AA2?$AA6?$AA?$AN?$AA?6?$AA?9?$AA?5?$AAn?$AAo?$AAt?$AA?5?$AAe?$AAn?$AAo?$AAu?$AAg?$AAh?$AA?5?$AAs?$AAp?$AAa?$AAc?$AAe?$AA?5?$AAf?$AAo?$AAr?$AA?5?$AAs?$AAt@ 000000018000f560     LIBCMT:crt0msg.obj
 0002:000025d0       ??_C@_1GK@MFGOKLAG@?$AAR?$AA6?$AA0?$AA2?$AA7?$AA?$AN?$AA?6?$AA?9?$AA?5?$AAn?$AAo?$AAt?$AA?5?$AAe?$AAn?$AAo?$AAu?$AAg?$AAh?$AA?5?$AAs?$AAp?$AAa?$AAc?$AAe?$AA?5?$AAf?$AAo?$AAr?$AA?5?$AAl?$AAo@ 000000018000f5d0     LIBCMT:crt0msg.obj
 0002:00002640       ??_C@_1EK@HHFLMAOL@?$AAR?$AA6?$AA0?$AA2?$AA8?$AA?$AN?$AA?6?$AA?9?$AA?5?$AAu?$AAn?$AAa?$AAb?$AAl?$AAe?$AA?5?$AAt?$AAo?$AA?5?$AAi?$AAn?$AAi?$AAt?$AAi?$AAa?$AAl?$AAi?$AAz?$AAe?$AA?5?$AAh?$AAe@ 000000018000f640     LIBCMT:crt0msg.obj
 0002:00002690       ??_C@_1DO@BMFCDCD@?$AAR?$AA6?$AA0?$AA3?$AA0?$AA?$AN?$AA?6?$AA?9?$AA?5?$AAC?$AAR?$AAT?$AA?5?$AAn?$AAo?$AAt?$AA?5?$AAi?$AAn?$AAi?$AAt?$AAi?$AAa?$AAl?$AAi?$AAz?$AAe?$AAd?$AA?$AN?$AA?6?$AA?$AA@ 000000018000f690     LIBCMT:crt0msg.obj
 0002:000026d0       ??_C@_1MG@ENCOOIDF@?$AAR?$AA6?$AA0?$AA3?$AA1?$AA?$AN?$AA?6?$AA?9?$AA?5?$AAA?$AAt?$AAt?$AAe?$AAm?$AAp?$AAt?$AA?5?$AAt?$AAo?$AA?5?$AAi?$AAn?$AAi?$AAt?$AAi?$AAa?$AAl?$AAi?$AAz?$AAe?$AA?5?$AAt@ 000000018000f6d0     LIBCMT:crt0msg.obj
 0002:000027a0       ??_C@_1GG@GOPILAJP@?$AAR?$AA6?$AA0?$AA3?$AA2?$AA?$AN?$AA?6?$AA?9?$AA?5?$AAn?$AAo?$AAt?$AA?5?$AAe?$AAn?$AAo?$AAu?$AAg?$AAh?$AA?5?$AAs?$AAp?$AAa?$AAc?$AAe?$AA?5?$AAf?$AAo?$AAr?$AA?5?$AAl?$AAo@ 000000018000f7a0     LIBCMT:crt0msg.obj
 0002:00002810       ??_C@_1BOO@KGEDBGAJ@?$AAR?$AA6?$AA0?$AA3?$AA3?$AA?$AN?$AA?6?$AA?9?$AA?5?$AAA?$AAt?$AAt?$AAe?$AAm?$AAp?$AAt?$AA?5?$AAt?$AAo?$AA?5?$AAu?$AAs?$AAe?$AA?5?$AAM?$AAS?$AAI?$AAL?$AA?5?$AAc?$AAo?$AAd@ 000000018000f810     LIBCMT:crt0msg.obj
 0002:00002a00       ??_C@_1GG@MKFPEKFO@?$AAR?$AA6?$AA0?$AA3?$AA4?$AA?$AN?$AA?6?$AA?9?$AA?5?$AAi?$AAn?$AAc?$AAo?$AAn?$AAs?$AAi?$AAs?$AAt?$AAe?$AAn?$AAt?$AA?5?$AAo?$AAn?$AAe?$AAx?$AAi?$AAt?$AA?5?$AAb?$AAe?$AAg@ 000000018000fa00     LIBCMT:crt0msg.obj
 0002:00002a68       ??_C@_1BO@BFCDCGC@?$AAD?$AAO?$AAM?$AAA?$AAI?$AAN?$AA?5?$AAe?$AAr?$AAr?$AAo?$AAr?$AA?$AN?$AA?6?$AA?$AA@ 000000018000fa68     LIBCMT:crt0msg.obj
 0002:00002a88       ??_C@_1BK@KMOMNAAI@?$AAS?$AAI?$AAN?$AAG?$AA?5?$AAe?$AAr?$AAr?$AAo?$AAr?$AA?$AN?$AA?6?$AA?$AA@ 000000018000fa88     LIBCMT:crt0msg.obj
 0002:00002aa8       ??_C@_1BM@JBBEPPHI@?$AAT?$AAL?$AAO?$AAS?$AAS?$AA?5?$AAe?$AAr?$AAr?$AAo?$AAr?$AA?$AN?$AA?6?$AA?$AA@ 000000018000faa8     LIBCMT:crt0msg.obj
 0002:00002ac4       ??_C@_15JNBOKNOG@?$AA?$AN?$AA?6?$AA?$AA@ 000000018000fac4     LIBCMT:crt0msg.obj
 0002:00002ad0       ??_C@_1BO@BKOMIGKJ@?$AAr?$AAu?$AAn?$AAt?$AAi?$AAm?$AAe?$AA?5?$AAe?$AAr?$AAr?$AAo?$AAr?$AA?5?$AA?$AA@ 000000018000fad0     LIBCMT:crt0msg.obj
 0002:00002af0       ??_C@_1DE@JNGNBFGO@?$AAR?$AAu?$AAn?$AAt?$AAi?$AAm?$AAe?$AA?5?$AAE?$AAr?$AAr?$AAo?$AAr?$AA?$CB?$AA?6?$AA?6?$AAP?$AAr?$AAo?$AAg?$AAr?$AAa?$AAm?$AA?3?$AA?5?$AA?$AA@ 000000018000faf0     LIBCMT:crt0msg.obj
 0002:00002b28       ??_C@_1CO@EAEJAADC@?$AA?$DM?$AAp?$AAr?$AAo?$AAg?$AAr?$AAa?$AAm?$AA?5?$AAn?$AAa?$AAm?$AAe?$AA?5?$AAu?$AAn?$AAk?$AAn?$AAo?$AAw?$AAn?$AA?$DO?$AA?$AA@ 000000018000fb28     LIBCMT:crt0msg.obj
 0002:00002b58       ??_C@_17LGKOMLJ@?$AA?4?$AA?4?$AA?4?$AA?$AA@ 000000018000fb58     LIBCMT:crt0msg.obj
 0002:00002b60       ??_C@_15IABLJNFO@?$AA?6?$AA?6?$AA?$AA@ 000000018000fb60     LIBCMT:crt0msg.obj
 0002:00002b70       ??_C@_1EK@MBDPDCGA@?$AAM?$AAi?$AAc?$AAr?$AAo?$AAs?$AAo?$AAf?$AAt?$AA?5?$AAV?$AAi?$AAs?$AAu?$AAa?$AAl?$AA?5?$AAC?$AA?$CL?$AA?$CL?$AA?5?$AAR?$AAu?$AAn?$AAt?$AAi?$AAm?$AAe?$AA?5?$AAL?$AAi?$AAb@ 000000018000fb70     LIBCMT:crt0msg.obj
 0002:00002bc0       LcidToLocaleNameTable      000000018000fbc0     LIBCMT:winapinls.obj
 0002:00003a00       LocaleNameToIndexTable     0000000180010a00     LIBCMT:winapinls.obj
 0002:00004840       ??_C@_15EMKDOKLE@?$AAa?$AAr?$AA?$AA@ 0000000180011840     LIBCMT:winapinls.obj
 0002:00004848       ??_C@_15KNPADPLH@?$AAb?$AAg?$AA?$AA@ 0000000180011848     LIBCMT:winapinls.obj
 0002:00004850       ??_C@_15EDMHLDMO@?$AAc?$AAa?$AA?$AA@ 0000000180011850     LIBCMT:winapinls.obj
 0002:00004858       ??_C@_1O@BPEAJADD@?$AAz?$AAh?$AA?9?$AAC?$AAH?$AAS?$AA?$AA@ 0000000180011858     LIBCMT:winapinls.obj
 0002:00004868       ??_C@_15LJNHCMNK@?$AAc?$AAs?$AA?$AA@ 0000000180011868     LIBCMT:winapinls.obj
 0002:00004870       ??_C@_15FOMCIDHG@?$AAd?$AAa?$AA?$AA@ 0000000180011870     LIBCMT:winapinls.obj
 0002:00004878       ??_C@_15NBKABECB@?$AAd?$AAe?$AA?$AA@ 0000000180011878     LIBCMT:winapinls.obj
 0002:00004880       ??_C@_15GHPEIIAO@?$AAe?$AAl?$AA?$AA@ 0000000180011880     LIBCMT:winapinls.obj
 0002:00004888       ??_C@_15MNPNEAIF@?$AAe?$AAn?$AA?$AA@ 0000000180011888     LIBCMT:winapinls.obj
 0002:00004890       ??_C@_15GPIOMPMH@?$AAe?$AAs?$AA?$AA@ 0000000180011890     LIBCMT:winapinls.obj
 0002:00004898       ??_C@_15NGLOAKJC@?$AAf?$AAi?$AA?$AA@ 0000000180011898     LIBCMT:winapinls.obj
 0002:000048a0       ??_C@_15FBKGNKAM@?$AAf?$AAr?$AA?$AA@ 00000001800118a0     LIBCMT:winapinls.obj
 0002:000048a8       ??_C@_15KGGCNEFK@?$AAh?$AAe?$AA?$AA@ 00000001800118a8     LIBCMT:winapinls.obj
 0002:000048b0       ??_C@_15PGHLIDMF@?$AAh?$AAu?$AA?$AA@ 00000001800118b0     LIBCMT:winapinls.obj
 0002:000048b8       ??_C@_15BIEMAPLM@?$AAi?$AAs?$AA?$AA@ 00000001800118b8     LIBCMT:winapinls.obj
 0002:000048c0       ??_C@_15IFJLDHAF@?$AAi?$AAt?$AA?$AA@ 00000001800118c0     LIBCMT:winapinls.obj
 0002:000048c8       ??_C@_15GEMIOCAG@?$AAj?$AAa?$AA?$AA@ 00000001800118c8     LIBCMT:winapinls.obj
 0002:000048d0       ??_C@_15EPELEGJA@?$AAk?$AAo?$AA?$AA@ 00000001800118d0     LIBCMT:winapinls.obj
 0002:000048d8       ??_C@_15NDDHIMN@?$AAn?$AAl?$AA?$AA@ 00000001800118d8     LIBCMT:winapinls.obj
 0002:000048e0       ??_C@_15BPIGNHCD@?$AAn?$AAo?$AA?$AA@ 00000001800118e0     LIBCMT:winapinls.obj
 0002:000048e8       ??_C@_15DEOPBLCG@?$AAp?$AAl?$AA?$AA@ 00000001800118e8     LIBCMT:winapinls.obj
 0002:000048f0       ??_C@_15KBECGEFG@?$AAp?$AAt?$AA?$AA@ 00000001800118f0     LIBCMT:winapinls.obj
 0002:000048f8       ??_C@_15GLJCBFMD@?$AAr?$AAo?$AA?$AA@ 00000001800118f8     LIBCMT:winapinls.obj
 0002:00004900       ??_C@_15FEDGKCDI@?$AAr?$AAu?$AA?$AA@ 0000000180011900     LIBCMT:winapinls.obj
 0002:00004908       ??_C@_15GLKMLLHM@?$AAh?$AAr?$AA?$AA@ 0000000180011908     LIBCMT:winapinls.obj
 0002:00004910       ??_C@_15CPKMFBDB@?$AAs?$AAk?$AA?$AA@ 0000000180011910     LIBCMT:winapinls.obj
 0002:00004918       ??_C@_15BAAIOGMK@?$AAs?$AAq?$AA?$AA@ 0000000180011918     LIBCMT:winapinls.obj
 0002:00004920       ??_C@_15INNPNOHD@?$AAs?$AAv?$AA?$AA@ 0000000180011920     LIBCMT:winapinls.obj
 0002:00004928       ??_C@_15CABMMOGH@?$AAt?$AAh?$AA?$AA@ 0000000180011928     LIBCMT:winapinls.obj
 0002:00004930       ??_C@_15BPLIHJJM@?$AAt?$AAr?$AA?$AA@ 0000000180011930     LIBCMT:winapinls.obj
 0002:00004938       ??_C@_15NEOEKKDJ@?$AAu?$AAr?$AA?$AA@ 0000000180011938     LIBCMT:winapinls.obj
 0002:00004940       ??_C@_15NFICGAJK@?$AAi?$AAd?$AA?$AA@ 0000000180011940     LIBCMT:winapinls.obj
 0002:00004948       ??_C@_15PJPFLCCM@?$AAu?$AAk?$AA?$AA@ 0000000180011948     LIBCMT:winapinls.obj
 0002:00004950       ??_C@_15HPJPHDM@?$AAb?$AAe?$AA?$AA@ 0000000180011950     LIBCMT:winapinls.obj
 0002:00004958       ??_C@_15LCHLGJII@?$AAs?$AAl?$AA?$AA@ 0000000180011958     LIBCMT:winapinls.obj
 0002:00004960       ??_C@_15PCFJPHHO@?$AAe?$AAt?$AA?$AA@ 0000000180011960     LIBCMT:winapinls.obj
 0002:00004968       ??_C@_15HPFPGODN@?$AAl?$AAv?$AA?$AA@ 0000000180011968     LIBCMT:winapinls.obj
 0002:00004970       ??_C@_15NFFGKGLG@?$AAl?$AAt?$AA?$AA@ 0000000180011970     LIBCMT:winapinls.obj
 0002:00004978       ??_C@_15BDAKCCHN@?$AAf?$AAa?$AA?$AA@ 0000000180011978     LIBCMT:winapinls.obj
 0002:00004980       ??_C@_15NFGIAIAJ@?$AAv?$AAi?$AA?$AA@ 0000000180011980     LIBCMT:winapinls.obj
 0002:00004988       ??_C@_15LMKNDMHN@?$AAh?$AAy?$AA?$AA@ 0000000180011988     LIBCMT:winapinls.obj
 0002:00004990       ??_C@_15IJBHMCFL@?$AAa?$AAz?$AA?$AA@ 0000000180011990     LIBCMT:winapinls.obj
 0002:00004998       ??_C@_15EKOFJABL@?$AAe?$AAu?$AA?$AA@ 0000000180011998     LIBCMT:winapinls.obj
 0002:000049a0       ??_C@_15BGHADCNK@?$AAm?$AAk?$AA?$AA@ 00000001800119a0     LIBCMT:winapinls.obj
 0002:000049a8       ??_C@_15JDNICKHM@?$AAa?$AAf?$AA?$AA@ 00000001800119a8     LIBCMT:winapinls.obj
 0002:000049b0       ??_C@_15KPJEDBKD@?$AAk?$AAa?$AA?$AA@ 00000001800119b0     LIBCMT:winapinls.obj
 0002:000049b8       ??_C@_15PDNFFFEO@?$AAf?$AAo?$AA?$AA@ 00000001800119b8     LIBCMT:winapinls.obj
 0002:000049c0       ??_C@_15OMLEGLOC@?$AAh?$AAi?$AA?$AA@ 00000001800119c0     LIBCMT:winapinls.obj
 0002:000049c8       ??_C@_15IDNNENKK@?$AAm?$AAs?$AA?$AA@ 00000001800119c8     LIBCMT:winapinls.obj
 0002:000049d0       ??_C@_15MACJNBMH@?$AAk?$AAk?$AA?$AA@ 00000001800119d0     LIBCMT:winapinls.obj
 0002:000049d8       ??_C@_15DKDJEOND@?$AAk?$AAy?$AA?$AA@ 00000001800119d8     LIBCMT:winapinls.obj
 0002:000049e0       ??_C@_15DFGDLJBG@?$AAs?$AAw?$AA?$AA@ 00000001800119e0     LIBCMT:winapinls.obj
 0002:000049e8       ??_C@_15BBFAICNG@?$AAu?$AAz?$AA?$AA@ 00000001800119e8     LIBCMT:winapinls.obj
 0002:000049f0       ??_C@_15DKNDCGEA@?$AAt?$AAt?$AA?$AA@ 00000001800119f0     LIBCMT:winapinls.obj
 0002:000049f8       ??_C@_15MGIFMDPL@?$AAp?$AAa?$AA?$AA@ 00000001800119f8     LIBCMT:winapinls.obj
 0002:00004a00       ??_C@_15HCNDBBA@?$AAg?$AAu?$AA?$AA@ 0000000180011a00     LIBCMT:winapinls.obj
 0002:00004a08       ??_C@_15FNBEIBON@?$AAt?$AAa?$AA?$AA@ 0000000180011a08     LIBCMT:winapinls.obj
 0002:00004a10       ??_C@_15NCHGBGLK@?$AAt?$AAe?$AA?$AA@ 0000000180011a10     LIBCMT:winapinls.obj
 0002:00004a18       ??_C@_15PHPHCBPF@?$AAk?$AAn?$AA?$AA@ 0000000180011a18     LIBCMT:winapinls.obj
 0002:00004a20       ??_C@_15DLGBCKMP@?$AAm?$AAr?$AA?$AA@ 0000000180011a20     LIBCMT:winapinls.obj
 0002:00004a28       ??_C@_15EABBLBFF@?$AAs?$AAa?$AA?$AA@ 0000000180011a28     LIBCMT:winapinls.obj
 0002:00004a30       ??_C@_15CBKOMCOI@?$AAm?$AAn?$AA?$AA@ 0000000180011a30     LIBCMT:winapinls.obj
 0002:00004a38       ??_C@_15CKDMCJAF@?$AAg?$AAl?$AA?$AA@ 0000000180011a38     LIBCMT:winapinls.obj
 0002:00004a40       ??_C@_17CNJFBPG@?$AAk?$AAo?$AAk?$AA?$AA@ 0000000180011a40     LIBCMT:winapinls.obj
 0002:00004a48       ??_C@_17FFBJICPL@?$AAs?$AAy?$AAr?$AA?$AA@ 0000000180011a48     LIBCMT:winapinls.obj
 0002:00004a50       ??_C@_17KPNDCPAF@?$AAd?$AAi?$AAv?$AA?$AA@ 0000000180011a50     LIBCMT:winapinls.obj
 0002:00004a58       ??_C@_11LOCGONAA@?$AA?$AA@ 0000000180011a58     LIBCMT:winapinls.obj
 0002:00004a60       ??_C@_1M@OKAHONE@?$AAa?$AAr?$AA?9?$AAS?$AAA?$AA?$AA@ 0000000180011a60     LIBCMT:winapinls.obj
 0002:00004a70       ??_C@_1M@FFFIGIGK@?$AAb?$AAg?$AA?9?$AAB?$AAG?$AA?$AA@ 0000000180011a70     LIBCMT:winapinls.obj
 0002:00004a80       ??_C@_1M@BJNKEDC@?$AAc?$AAa?$AA?9?$AAE?$AAS?$AA?$AA@ 0000000180011a80     LIBCMT:winapinls.obj
 0002:00004a90       ??_C@_1M@IJJHFJHA@?$AAc?$AAs?$AA?9?$AAC?$AAZ?$AA?$AA@ 0000000180011a90     LIBCMT:winapinls.obj
 0002:00004aa0       ??_C@_1M@CLPEOBGI@?$AAd?$AAa?$AA?9?$AAD?$AAK?$AA?$AA@ 0000000180011aa0     LIBCMT:winapinls.obj
 0002:00004ab0       ??_C@_1M@MCMADGCB@?$AAd?$AAe?$AA?9?$AAD?$AAE?$AA?$AA@ 0000000180011ab0     LIBCMT:winapinls.obj
 0002:00004ac0       ??_C@_1M@OOCKEMAM@?$AAe?$AAl?$AA?9?$AAG?$AAR?$AA?$AA@ 0000000180011ac0     LIBCMT:winapinls.obj
 0002:00004ad0       ??_C@_1M@DDNJFGID@?$AAf?$AAi?$AA?9?$AAF?$AAI?$AA?$AA@ 0000000180011ad0     LIBCMT:winapinls.obj
 0002:00004ae0       ??_C@_1M@GLIPPMAC@?$AAf?$AAr?$AA?9?$AAF?$AAR?$AA?$AA@ 0000000180011ae0     LIBCMT:winapinls.obj
 0002:00004af0       ??_C@_1M@GFMCHPE@?$AAh?$AAe?$AA?9?$AAI?$AAL?$AA?$AA@ 0000000180011af0     LIBCMT:winapinls.obj
 0002:00004b00       ??_C@_1M@MHLPGNKM@?$AAh?$AAu?$AA?9?$AAH?$AAU?$AA?$AA@ 0000000180011b00     LIBCMT:winapinls.obj
 0002:00004b10       ??_C@_1M@LPDDNNPN@?$AAi?$AAs?$AA?9?$AAI?$AAS?$AA?$AA@ 0000000180011b10     LIBCMT:winapinls.obj
 0002:00004b20       ??_C@_1M@MADIPODN@?$AAi?$AAt?$AA?9?$AAI?$AAT?$AA?$AA@ 0000000180011b20     LIBCMT:winapinls.obj
 0002:00004b30       ??_C@_1M@IHBJJGG@?$AAn?$AAl?$AA?9?$AAN?$AAL?$AA?$AA@ 0000000180011b30     LIBCMT:winapinls.obj
 0002:00004b40       ??_C@_1M@EANAGDL@?$AAn?$AAb?$AA?9?$AAN?$AAO?$AA?$AA@ 0000000180011b40     LIBCMT:winapinls.obj
 0002:00004b50       ??_C@_1M@NEIEMEGP@?$AAp?$AAl?$AA?9?$AAP?$AAL?$AA?$AA@ 0000000180011b50     LIBCMT:winapinls.obj
 0002:00004b60       ??_C@_1M@BOCFIGEP@?$AAp?$AAt?$AA?9?$AAB?$AAR?$AA?$AA@ 0000000180011b60     LIBCMT:winapinls.obj
 0002:00004b70       ??_C@_1M@IMPFOPBG@?$AAr?$AAo?$AA?9?$AAR?$AAO?$AA?$AA@ 0000000180011b70     LIBCMT:winapinls.obj
 0002:00004b80       ??_C@_1M@IDNNEJMM@?$AAr?$AAu?$AA?9?$AAR?$AAU?$AA?$AA@ 0000000180011b80     LIBCMT:winapinls.obj
 0002:00004b90       ??_C@_1M@LILEEOGM@?$AAh?$AAr?$AA?9?$AAH?$AAR?$AA?$AA@ 0000000180011b90     LIBCMT:winapinls.obj
 0002:00004ba0       ??_C@_1M@FKIFEHPB@?$AAs?$AAk?$AA?9?$AAS?$AAK?$AA?$AA@ 0000000180011ba0     LIBCMT:winapinls.obj
 0002:00004bb0       ??_C@_1M@LJMAMNPJ@?$AAs?$AAq?$AA?9?$AAA?$AAL?$AA?$AA@ 0000000180011bb0     LIBCMT:winapinls.obj
 0002:00004bc0       ??_C@_1M@GIAKDKJK@?$AAs?$AAv?$AA?9?$AAS?$AAE?$AA?$AA@ 0000000180011bc0     LIBCMT:winapinls.obj
 0002:00004bd0       ??_C@_1M@MKJKIKCL@?$AAt?$AAh?$AA?9?$AAT?$AAH?$AA?$AA@ 0000000180011bd0     LIBCMT:winapinls.obj
 0002:00004be0       ??_C@_1M@MFLCCMPB@?$AAt?$AAr?$AA?9?$AAT?$AAR?$AA?$AA@ 0000000180011be0     LIBCMT:winapinls.obj
 0002:00004bf0       ??_C@_1M@OIJHDKJN@?$AAu?$AAr?$AA?9?$AAP?$AAK?$AA?$AA@ 0000000180011bf0     LIBCMT:winapinls.obj
 0002:00004c00       ??_C@_1M@LHIPCIEK@?$AAi?$AAd?$AA?9?$AAI?$AAD?$AA?$AA@ 0000000180011c00     LIBCMT:winapinls.obj
 0002:00004c10       ??_C@_1M@MFMOBGI@?$AAu?$AAk?$AA?9?$AAU?$AAA?$AA?$AA@ 0000000180011c10     LIBCMT:winapinls.obj
 0002:00004c20       ??_C@_1M@OBGLJIPL@?$AAb?$AAe?$AA?9?$AAB?$AAY?$AA?$AA@ 0000000180011c20     LIBCMT:winapinls.obj
 0002:00004c30       ??_C@_1M@BCFAJEAD@?$AAs?$AAl?$AA?9?$AAS?$AAI?$AA?$AA@ 0000000180011c30     LIBCMT:winapinls.obj
 0002:00004c40       ??_C@_1M@FKFFEDDN@?$AAe?$AAt?$AA?9?$AAE?$AAE?$AA?$AA@ 0000000180011c40     LIBCMT:winapinls.obj
 0002:00004c50       ??_C@_1M@KGKKAACI@?$AAl?$AAv?$AA?9?$AAL?$AAV?$AA?$AA@ 0000000180011c50     LIBCMT:winapinls.obj
 0002:00004c60       ??_C@_1M@IFGBIJO@?$AAl?$AAt?$AA?9?$AAL?$AAT?$AA?$AA@ 0000000180011c60     LIBCMT:winapinls.obj
 0002:00004c70       ??_C@_1M@FGEAHEDM@?$AAf?$AAa?$AA?9?$AAI?$AAR?$AA?$AA@ 0000000180011c70     LIBCMT:winapinls.obj
 0002:00004c80       ??_C@_1M@KBMAIBFN@?$AAv?$AAi?$AA?9?$AAV?$AAN?$AA?$AA@ 0000000180011c80     LIBCMT:winapinls.obj
 0002:00004c90       ??_C@_1M@GPCBKDJK@?$AAh?$AAy?$AA?9?$AAA?$AAM?$AA?$AA@ 0000000180011c90     LIBCMT:winapinls.obj
 0002:00004ca0       ??_C@_1BG@BECMDDJB@?$AAa?$AAz?$AA?9?$AAA?$AAZ?$AA?9?$AAL?$AAa?$AAt?$AAn?$AA?$AA@ 0000000180011ca0     LIBCMT:winapinls.obj
 0002:00004cb8       ??_C@_1M@MAOFCAEA@?$AAe?$AAu?$AA?9?$AAE?$AAS?$AA?$AA@ 0000000180011cb8     LIBCMT:winapinls.obj
[...]
 0004:00000018       $pdata$?assign@?$basic_string@DU?$char_traits@D@std@@V?$allocator@D@2@@std@@QEAAAEAV12@AEBV12@_K1@Z 000000018001a018     * CIL library *:* CIL module *
 0004:00000024       $pdata$?assign@?$basic_string@DU?$char_traits@D@std@@V?$allocator@D@2@@std@@QEAAAEAV12@PEBD_K@Z 000000018001a024     * CIL library *:* CIL module *
 0004:00000030       $pdata$?erase@?$basic_string@DU?$char_traits@D@std@@V?$allocator@D@2@@std@@QEAAAEAV12@_K0@Z 000000018001a030     * CIL library *:* CIL module *
 0004:0000003c       $pdata$?_Copy@?$basic_string@DU?$char_traits@D@std@@V?$allocator@D@2@@std@@QEAAX_K0@Z 000000018001a03c     * CIL library *:* CIL module *
 0004:00000048       $pdata$??$NODE_SET_METHOD@V?$Local@VObject@v8@@@v8@@@node@@YAXAEBV?$Local@VObject@v8@@@v8@@PEBDP6AXAEBV?$FunctionCallbackInfo@VValue@v8@@@2@@Z@Z 000000018001a048     * CIL library *:* CIL module *
 0004:00000054       $pdata$load_exe_hook       000000018001a054     * CIL library *:* CIL module *
 0004:0000006c       $pdata$??0bad_alloc@std@@QEAA@AEBV01@@Z 000000018001a06c     libcpmt:xthrow.obj
 0004:00000078       $pdata$??0length_error@std@@QEAA@AEBV01@@Z 000000018001a078     libcpmt:xthrow.obj
 0004:00000084       $pdata$??0logic_error@std@@QEAA@AEBV01@@Z 000000018001a084     libcpmt:xthrow.obj
 0004:00000090       $pdata$??0out_of_range@std@@QEAA@AEBV01@@Z 000000018001a090     libcpmt:xthrow.obj
 0004:0000009c       $pdata$??_Gbad_alloc@std@@UEAAPEAXI@Z 000000018001a09c     libcpmt:xthrow.obj
 0004:000000a8       $pdata$??_Glength_error@std@@UEAAPEAXI@Z 000000018001a0a8     libcpmt:xthrow.obj
 0004:000000a8       $pdata$??_Gout_of_range@std@@UEAAPEAXI@Z 000000018001a0a8     libcpmt:xthrow.obj
 0004:000000a8       $pdata$??_Glogic_error@std@@UEAAPEAXI@Z 000000018001a0a8     libcpmt:xthrow.obj
 0004:000000b4       $pdata$?_Xbad_alloc@std@@YAXXZ 000000018001a0b4     libcpmt:xthrow.obj
 0004:000000c0       $pdata$?_Xlength_error@std@@YAXPEBD@Z 000000018001a0c0     libcpmt:xthrow.obj
 0004:000000cc       $pdata$?_Xout_of_range@std@@YAXPEBD@Z 000000018001a0cc     libcpmt:xthrow.obj
 0004:000000f0       $pdata$__onexitinit        000000018001a0f0     LIBCMT:onexit.obj
 0004:000000fc       $pdata$_onexit             000000018001a0fc     LIBCMT:onexit.obj
 0004:00000108       $pdata$atexit              000000018001a108     LIBCMT:onexit.obj
 0004:00000114       $pdata$??2@YAPEAX_K@Z      000000018001a114     LIBCMT:new.obj
 0004:00000120       $pdata$??0_LocaleUpdate@@QEAA@PEAUlocaleinfo_struct@@@Z 000000018001a120     LIBCMT:stricmp.obj
 0004:0000012c       $pdata$_stricmp            000000018001a12c     LIBCMT:stricmp.obj
 0004:00000138       $pdata$_stricmp_l          000000018001a138     LIBCMT:stricmp.obj
 0004:00000144       $pdata$_CRT_INIT           000000018001a144     LIBCMT:dllcrt0.obj
 0004:00000150       $pdata$_DllMainCRTStartup  000000018001a150     LIBCMT:dllcrt0.obj
 0004:0000015c       $pdata$__DllMainCRTStartup 000000018001a15c     LIBCMT:dllcrt0.obj
 0004:00000174       $pdata$_CxxThrowException  000000018001a174     LIBCMT:throw.obj
 0004:00000180       $pdata$??_Gtype_info@@UEAAPEAXI@Z 000000018001a180     LIBCMT:typinfo.obj
 0004:0000018c       $pdata$??0exception@std@@QEAA@AEBQEBD@Z 000000018001a18c     LIBCMT:stdexcpt.obj
 0004:00000198       $pdata$??0exception@std@@QEAA@AEBV01@@Z 000000018001a198     LIBCMT:stdexcpt.obj
 0004:000001a4       $pdata$??4exception@std@@QEAAAEAV01@AEBV01@@Z 000000018001a1a4     LIBCMT:stdexcpt.obj
 0004:000001b0       $pdata$??_Gexception@std@@UEAAPEAXI@Z 000000018001a1b0     LIBCMT:stdexcpt.obj
 0004:000001bc       $pdata$?_Copy_str@exception@std@@AEAAXPEBD@Z 000000018001a1bc     LIBCMT:stdexcpt.obj
 0004:000001c8       $pdata$?_Tidy@exception@std@@AEAAXXZ 000000018001a1c8     LIBCMT:stdexcpt.obj
 0004:000001d4       $pdata$__raise_securityfailure 000000018001a1d4     LIBCMT:gs_report.obj
 0004:000001e0       $pdata$__report_gsfailure  000000018001a1e0     LIBCMT:gs_report.obj
 0004:000001ec       $pdata$__isa_available_init 000000018001a1ec     LIBCMT:cpu_disp.obj
 0004:000001f8       $pdata$__crtCorExitProcess 000000018001a1f8     LIBCMT:crt0dat.obj
 0004:00000204       $pdata$__crtExitProcess    000000018001a204     LIBCMT:crt0dat.obj
 0004:00000210       $pdata$__freeCrtMemory     000000018001a210     LIBCMT:crt0dat.obj
 0004:0000021c       $pdata$_amsg_exit          000000018001a21c     LIBCMT:crt0dat.obj
 0004:00000228       $pdata$_cinit              000000018001a228     LIBCMT:crt0dat.obj
 0004:00000234       $pdata$_init_pointers      000000018001a234     LIBCMT:crt0dat.obj
 0004:00000240       $pdata$_initterm           000000018001a240     LIBCMT:crt0dat.obj
 0004:0000024c       $pdata$_initterm_e         000000018001a24c     LIBCMT:crt0dat.obj
 0004:00000258       $pdata$doexit              000000018001a258     LIBCMT:crt0dat.obj
 0004:00000264       $pdata$_msize              000000018001a264     LIBCMT:msize.obj
 0004:00000270       $pdata$_calloc_crt         000000018001a270     LIBCMT:crtheap.obj
 0004:0000027c       $pdata$_malloc_crt         000000018001a27c     LIBCMT:crtheap.obj
 0004:00000288       $pdata$_realloc_crt        000000018001a288     LIBCMT:crtheap.obj
 0004:00000294       $pdata$__C_specific_handler 000000018001a294     LIBCMT:chandler.obj
 0004:000002a0       $pdata$abort               000000018001a2a0     LIBCMT:abort.obj
 0004:000002ac       $pdata$free                000000018001a2ac     LIBCMT:free.obj
 0004:000002b8       $pdata$malloc              000000018001a2b8     LIBCMT:malloc.obj
 0004:000002c4       $pdata$_callnewh           000000018001a2c4     LIBCMT:handler.obj
 0004:000002d0       $pdata$_call_reportfault   000000018001a2d0     LIBCMT:invarg.obj
 0004:000002dc       $pdata$_invalid_parameter  000000018001a2dc     LIBCMT:invarg.obj
 0004:000002e8       $pdata$_invalid_parameter_noinfo 000000018001a2e8     LIBCMT:invarg.obj
 0004:000002f4       $pdata$_invoke_watson      000000018001a2f4     LIBCMT:invarg.obj
 0004:00000300       $pdata$__freetlocinfo      000000018001a300     LIBCMT:localref.obj
 0004:0000030c       $pdata$__updatetlocinfo    000000018001a30c     LIBCMT:localref.obj
 0004:00000318       $pdata$_updatetlocinfoEx_nolock 000000018001a318     LIBCMT:localref.obj
 0004:00000324       $pdata$__initmbctable      000000018001a324     LIBCMT:mbctype.obj
 0004:00000330       $pdata$?getSystemCP@@YAHH@Z 000000018001a330     LIBCMT:mbctype.obj
 0004:0000033c       $pdata$?setSBCS@@YAXPEAUthreadmbcinfostruct@@@Z 000000018001a33c     LIBCMT:mbctype.obj
 0004:00000348       $pdata$?setSBUpLow@@YAXPEAUthreadmbcinfostruct@@@Z 000000018001a348     LIBCMT:mbctype.obj
 0004:00000354       $pdata$__updatetmbcinfo    000000018001a354     LIBCMT:mbctype.obj
 0004:00000360       $pdata$_setmbcp            000000018001a360     LIBCMT:mbctype.obj
 0004:0000036c       $pdata$_setmbcp_nolock     000000018001a36c     LIBCMT:mbctype.obj
 0004:00000378       $pdata$_tolower_l          000000018001a378     LIBCMT:tolower.obj
 0004:00000384       $pdata$_freefls            000000018001a384     LIBCMT:tidtable.obj
 0004:00000390       $pdata$_freeptd            000000018001a390     LIBCMT:tidtable.obj
 0004:0000039c       $pdata$_getptd             000000018001a39c     LIBCMT:tidtable.obj
 0004:000003a8       $pdata$_getptd_noexit      000000018001a3a8     LIBCMT:tidtable.obj
 0004:000003b4       $pdata$_initptd            000000018001a3b4     LIBCMT:tidtable.obj
 0004:000003c0       $pdata$_mtinit             000000018001a3c0     LIBCMT:tidtable.obj
 0004:000003cc       $pdata$_mtterm             000000018001a3cc     LIBCMT:tidtable.obj
 0004:000003d8       $pdata$__doserrno          000000018001a3d8     LIBCMT:dosmap.obj
 0004:000003e4       $pdata$_dosmaperr          000000018001a3e4     LIBCMT:dosmap.obj
 0004:000003f0       $pdata$_errno              000000018001a3f0     LIBCMT:dosmap.obj
 0004:000003fc       $pdata$_locterm            000000018001a3fc     LIBCMT:wsetloca.obj
 0004:00000408       $pdata$_XcptFilter         000000018001a408     LIBCMT:winxfltr.obj
 0004:00000414       $pdata$_heap_init          000000018001a414     LIBCMT:heapinit.obj
 0004:00000420       $pdata$_ioinit             000000018001a420     LIBCMT:ioinit.obj
 0004:0000042c       $pdata$_ioterm             000000018001a42c     LIBCMT:ioinit.obj
 0004:00000438       $pdata$_setargv            000000018001a438     LIBCMT:stdargv.obj
 0004:00000444       $pdata$parse_cmdline       000000018001a444     LIBCMT:stdargv.obj
 0004:00000450       $pdata$_setenvp            000000018001a450     LIBCMT:stdenvp.obj
 0004:0000045c       $pdata$__security_init_cookie 000000018001a45c     LIBCMT:gs_support.obj
 0004:00000468       $pdata$__crtGetEnvironmentStringsA 000000018001a468     LIBCMT:a_env.obj
 0004:00000474       $pdata$__crtCaptureCurrentContext 000000018001a474     LIBCMT:winapisupp.obj
 0004:00000480       $pdata$__crtCapturePreviousContext 000000018001a480     LIBCMT:winapisupp.obj
 0004:0000048c       $pdata$__crtInitializeCriticalSectionEx 000000018001a48c     LIBCMT:winapisupp.obj
 0004:00000498       $pdata$__crtIsPackagedApp  000000018001a498     LIBCMT:winapisupp.obj
 0004:000004a4       $pdata$__crtLoadWinApiPointers 000000018001a4a4     LIBCMT:winapisupp.obj
 0004:000004b0       $pdata$__crtTerminateProcess 000000018001a4b0     LIBCMT:winapisupp.obj
 0004:000004bc       $pdata$__crtUnhandledException 000000018001a4bc     LIBCMT:winapisupp.obj
 0004:000004c8       $pdata$_RTC_Initialize     000000018001a4c8     LIBCMT:initsect.obj
 0004:000004d4       $pdata$_RTC_Terminate      000000018001a4d4     LIBCMT:initsect.obj
 0004:000004e0       $pdata$__DestructExceptionObject 000000018001a4e0     LIBCMT:frame.obj
 0004:000004ec       $pdata$?terminate@@YAXXZ   000000018001a4ec     LIBCMT:hooks.obj
 0004:000004f8       $pdata$_initp_eh_hooks     000000018001a4f8     LIBCMT:hooks.obj
 0004:00000504       $pdata$__GSHandlerCheck    000000018001a504     LIBCMT:gshandler.obj
 0004:00000510       $pdata$__GSHandlerCheckCommon 000000018001a510     LIBCMT:gshandler.obj
 0004:00000528       $pdata$?_Type_info_dtor@type_info@@CAXPEAV1@@Z 000000018001a528     LIBCMT:typname.obj
 0004:00000534       $pdata$_cfltcvt            000000018001a534     LIBCMT:cvt.obj
 0004:00000540       $pdata$_cfltcvt_l          000000018001a540     LIBCMT:cvt.obj
 0004:0000054c       $pdata$_cftoa_l            000000018001a54c     LIBCMT:cvt.obj
 0004:00000558       $pdata$_cftoe2_l           000000018001a558     LIBCMT:cvt.obj
 0004:00000564       $pdata$_cftoe_l            000000018001a564     LIBCMT:cvt.obj
 0004:00000570       $pdata$_cftof2_l           000000018001a570     LIBCMT:cvt.obj
 0004:0000057c       $pdata$_cftof_l            000000018001a57c     LIBCMT:cvt.obj
 0004:00000588       $pdata$_cftog_l            000000018001a588     LIBCMT:cvt.obj
 0004:00000594       $pdata$_cropzeros_l        000000018001a594     LIBCMT:cvt.obj
 0004:000005a0       $pdata$_fassign_l          000000018001a5a0     LIBCMT:cvt.obj
 0004:000005ac       $pdata$_forcdecpt_l        000000018001a5ac     LIBCMT:cvt.obj
 0004:000005b8       $pdata$_initp_misc_cfltcvt_tab 000000018001a5b8     LIBCMT:cmiscdat.obj
 0004:000005c4       $pdata$strcpy_s            000000018001a5c4     LIBCMT:strcpy_s.obj
 0004:000005d0       $pdata$_lock               000000018001a5d0     LIBCMT:mlock.obj
 0004:000005dc       $pdata$_mtdeletelocks      000000018001a5dc     LIBCMT:mlock.obj
 0004:000005e8       $pdata$_mtinitlocknum      000000018001a5e8     LIBCMT:mlock.obj
 0004:000005f4       $pdata$_mtinitlocks        000000018001a5f4     LIBCMT:mlock.obj
 0004:00000600       $pdata$_FF_MSGBANNER       000000018001a600     LIBCMT:crt0msg.obj
 0004:0000060c       $pdata$_NMSG_WRITE         000000018001a60c     LIBCMT:crt0msg.obj
 0004:00000618       $pdata$_IsNonwritableInCurrentImage 000000018001a618     LIBCMT:pesect.obj
 0004:00000624       $pdata$raise               000000018001a624     LIBCMT:winsig.obj
 0004:00000630       $pdata$realloc             000000018001a630     LIBCMT:realloc.obj
 0004:0000063c       $pdata$_calloc_impl        000000018001a63c     LIBCMT:calloc_impl.obj
 0004:00000678       $pdata$GetTableIndexFromLocaleName 000000018001a678     LIBCMT:winapinls.obj
 0004:00000684       $pdata$__crtDownlevelLocaleNameToLCID 000000018001a684     LIBCMT:winapinls.obj
 0004:00000690       $pdata$__crtLCMapStringEx  000000018001a690     LIBCMT:winapinls.obj
 0004:000006b4       $pdata$__free_lconv_mon    000000018001a6b4     LIBCMT:initmon.obj
 0004:000006c0       $pdata$__free_lconv_num    000000018001a6c0     LIBCMT:initnum.obj
 0004:000006cc       $pdata$__free_lc_time      000000018001a6cc     LIBCMT:inittime.obj
 0004:000006d8       $pdata$?__crtLCMapStringA_stat@@YAHPEAUlocaleinfo_struct@@PEB_WKPEBDHPEADHHH@Z 000000018001a6d8     LIBCMT:a_map.obj
 0004:000006e4       $pdata$__crtLCMapStringA   000000018001a6e4     LIBCMT:a_map.obj
 0004:000006f0       $pdata$?__crtGetStringTypeA_stat@@YAHPEAUlocaleinfo_struct@@KPEBDHPEAGHH@Z 000000018001a6f0     LIBCMT:a_str.obj
 0004:000006fc       $pdata$__crtGetStringTypeA 000000018001a6fc     LIBCMT:a_str.obj
 0004:00000708       $pdata$_isctype_l          000000018001a708     LIBCMT:isctype.obj
 0004:00000714       $pdata$_isleadbyte_l       000000018001a714     LIBCMT:_wctype.obj
 0004:00000720       $pdata$isleadbyte          000000018001a720     LIBCMT:_wctype.obj
 0004:00000738       $pdata$wcscat_s            000000018001a738     LIBCMT:wcscat_s.obj
 0004:00000744       $pdata$wcscpy_s            000000018001a744     LIBCMT:wcscpy_s.obj
 0004:00000750       $pdata$wcsncpy_s           000000018001a750     LIBCMT:wcsncpy_s.obj
 0004:0000075c       $pdata$__initstdio         000000018001a75c     LIBCMT:_file.obj
 0004:00000768       $pdata$__endstdio          000000018001a768     LIBCMT:_file.obj
 0004:00000774       $pdata$_lock_file          000000018001a774     LIBCMT:_file.obj
 0004:00000780       $pdata$_lock_file2         000000018001a780     LIBCMT:_file.obj
 0004:0000078c       $pdata$?x_ismbbtype_l@@YAHPEAUlocaleinfo_struct@@IHH@Z 000000018001a78c     LIBCMT:ismbbyte.obj
 0004:000007a4       $pdata$isdigit             000000018001a7a4     LIBCMT:_ctype.obj
 0004:000007b0       $pdata$strrchr             000000018001a7b0     LIBCMT:strrchr.obj
 0004:000007bc       $pdata$_fptostr            000000018001a7bc     LIBCMT:_fptostr.obj
 0004:000007c8       $pdata$__crt_atoflt_l      000000018001a7c8     LIBCMT:atodbl.obj
 0004:000007d4       $pdata$_atodbl_l           000000018001a7d4     LIBCMT:atodbl.obj
 0004:000007e0       $pdata$__dtold             000000018001a7e0     LIBCMT:cfout.obj
 0004:000007ec       $pdata$_fltout2            000000018001a7ec     LIBCMT:cfout.obj
 0004:000007f8       $pdata$_set_error_mode     000000018001a7f8     LIBCMT:errmode.obj
 0004:00000804       $pdata$__crtMessageBoxW    000000018001a804     LIBCMT:crtmboxw.obj
 0004:00000810       $pdata$_fileno             000000018001a810     LIBCMT:fileno.obj
 0004:0000081c       $pdata$_isatty             000000018001a81c     LIBCMT:isatty.obj
 0004:00000828       $pdata$_fflush_nolock      000000018001a828     LIBCMT:fflush.obj
 0004:00000834       $pdata$_flush              000000018001a834     LIBCMT:fflush.obj
 0004:00000840       $pdata$flsall              000000018001a840     LIBCMT:fflush.obj
 0004:00000858       $pdata$_fcloseall          000000018001a858     LIBCMT:closeall.obj
 0004:00000864       $pdata$_ld12tod            000000018001a864     LIBCMT:intrncvt.obj
 0004:00000870       $pdata$_ld12tof            000000018001a870     LIBCMT:intrncvt.obj
 0004:0000087c       $pdata$__strgtold12_l      000000018001a87c     LIBCMT:strgtold.obj
 0004:00000888       $pdata$$I10_OUTPUT         000000018001a888     LIBCMT:x10fout.obj
 0004:00000894       $pdata$_commit             000000018001a894     LIBCMT:commit.obj
 0004:000008a0       $pdata$_write              000000018001a8a0     LIBCMT:write.obj
 0004:000008ac       $pdata$_write_nolock       000000018001a8ac     LIBCMT:write.obj
 0004:000008b8       $pdata$_fclose_nolock      000000018001a8b8     LIBCMT:fclose.obj
 0004:000008c4       $pdata$fclose              000000018001a8c4     LIBCMT:fclose.obj
 0004:000008d0       $pdata$__mtold12           000000018001a8d0     LIBCMT:mantold.obj
 0004:000008dc       $pdata$__lock_fhandle      000000018001a8dc     LIBCMT:osfinfo.obj
 0004:000008e8       $pdata$_free_osfhnd        000000018001a8e8     LIBCMT:osfinfo.obj
 0004:000008f4       $pdata$_get_osfhandle      000000018001a8f4     LIBCMT:osfinfo.obj
 0004:00000900       $pdata$_lseeki64_nolock    000000018001a900     LIBCMT:lseeki64.obj
 0004:0000090c       $pdata$_mbtowc_l           000000018001a90c     LIBCMT:mbtowc.obj
 0004:00000918       $pdata$_putwch_nolock      000000018001a918     LIBCMT:putwch.obj
 0004:00000924       $pdata$_close              000000018001a924     LIBCMT:close.obj
 0004:00000930       $pdata$_close_nolock       000000018001a930     LIBCMT:close.obj
 0004:0000093c       $pdata$_freebuf            000000018001a93c     LIBCMT:_freebuf.obj
 0004:00000948       $pdata$__termconout        000000018001a948     LIBCMT:initcon.obj
 0004:00000954       $pdata$__initconout        000000018001a954     LIBCMT:initcon.obj
 0004:00000960       $pdata$__delayLoadHelper2  000000018001a960     DelayImp:delayhlp.obj
 0004:0000096c       $pdata$_onexit$fin$0       000000018001a96c     LIBCMT:onexit.obj
 0004:00000978       $pdata$_CRT_INIT$fin$0     000000018001a978     LIBCMT:dllcrt0.obj
 0004:00000984       $pdata$__DllMainCRTStartup$filt$0 000000018001a984     LIBCMT:dllcrt0.obj
 0004:00000990       $pdata$doexit$fin$0        000000018001a990     LIBCMT:crt0dat.obj
 0004:0000099c       $pdata$__updatetmbcinfo$fin$0 000000018001a99c     LIBCMT:mbctype.obj
 0004:0000099c       $pdata$_setmbcp$fin$0      000000018001a99c     LIBCMT:mbctype.obj
 0004:000009a8       $pdata$_freefls$fin$1      000000018001a9a8     LIBCMT:tidtable.obj
 0004:000009a8       $pdata$_initptd$fin$1      000000018001a9a8     LIBCMT:tidtable.obj
 0004:000009b4       $pdata$_initptd$fin$0      000000018001a9b4     LIBCMT:tidtable.obj
 0004:000009b4       $pdata$_freefls$fin$0      000000018001a9b4     LIBCMT:tidtable.obj
 0004:000009c0       $pdata$__updatetlocinfo$fin$0 000000018001a9c0     LIBCMT:wsetloca.obj
 0004:000009c0       $pdata$_locterm$fin$0      000000018001a9c0     LIBCMT:wsetloca.obj
 0004:000009cc       $pdata$_ioinit$fin$0       000000018001a9cc     LIBCMT:ioinit.obj
 0004:000009d8       $pdata$__DestructExceptionObject$filt$0 000000018001a9d8     LIBCMT:frame.obj
 0004:000009e4       $pdata$?fin$0@?0??_Type_info_dtor@type_info@@CAXPEAV1@@Z@4HA 000000018001a9e4     LIBCMT:typname.obj
 0004:000009f0       $pdata$_mtinitlocknum$fin$0 000000018001a9f0     LIBCMT:mlock.obj
 0004:000009fc       $pdata$_IsNonwritableInCurrentImage$filt$0 000000018001a9fc     LIBCMT:pesect.obj
 0004:00000a08       $pdata$raise$fin$0         000000018001aa08     LIBCMT:winsig.obj
 0004:00000a14       $pdata$flsall$fin$0        000000018001aa14     LIBCMT:fflush.obj
 0004:00000a20       $pdata$flsall$fin$1        000000018001aa20     LIBCMT:fflush.obj
 0004:00000a2c       $pdata$_fcloseall$fin$0    000000018001aa2c     LIBCMT:closeall.obj
 0004:00000a38       $pdata$_close$fin$0        000000018001aa38     LIBCMT:commit.obj
 0004:00000a38       $pdata$_commit$fin$0       000000018001aa38     LIBCMT:commit.obj
 0004:00000a44       $pdata$_write$fin$0        000000018001aa44     LIBCMT:write.obj
 0004:00000a50       $pdata$fclose$fin$0        000000018001aa50     LIBCMT:fclose.obj
 0004:00000a5c       $pdata$__lock_fhandle$fin$0 000000018001aa5c     LIBCMT:osfinfo.obj
 0005:00000060       $R000000                   000000018001b060     * linker generated manifest res *

 Exports

  ordinal    name

        1    _register_addon_
